Archive member included to satisfy reference by file (symbol)

C:/Users/1/AppData/Local/stm32cube/bundles/gnu-tools-for-stm32/14.3.1+st.2/bin/../lib/gcc/arm-none-eabi/14.3.1/../../../../arm-none-eabi/lib/thumb/v7-m/nofp\libm.a(libm_a-sf_round.o)
                              CMakeFiles/patrol_robot.dir/Lib/Src/slave.c.obj (roundf)
C:/Users/1/AppData/Local/stm32cube/bundles/gnu-tools-for-stm32/14.3.1+st.2/bin/../lib/gcc/arm-none-eabi/14.3.1/thumb/v7-m/nofp\libgcc.a(_arm_muldf3.o)
                              CMakeFiles/patrol_robot.dir/Lib/Src/brushless_motor.c.obj (__aeabi_dmul)
C:/Users/1/AppData/Local/stm32cube/bundles/gnu-tools-for-stm32/14.3.1+st.2/bin/../lib/gcc/arm-none-eabi/14.3.1/thumb/v7-m/nofp\libgcc.a(_arm_mulsf3.o)
                              CMakeFiles/patrol_robot.dir/Core/Src/move.c.obj (__aeabi_fmul)
C:/Users/1/AppData/Local/stm32cube/bundles/gnu-tools-for-stm32/14.3.1+st.2/bin/../lib/gcc/arm-none-eabi/14.3.1/thumb/v7-m/nofp\libgcc.a(_arm_addsubdf3.o)
                              CMakeFiles/patrol_robot.dir/Lib/Src/oled.c.obj (__aeabi_dsub)
C:/Users/1/AppData/Local/stm32cube/bundles/gnu-tools-for-stm32/14.3.1+st.2/bin/../lib/gcc/arm-none-eabi/14.3.1/thumb/v7-m/nofp\libgcc.a(_arm_muldivdf3.o)
                              CMakeFiles/patrol_robot.dir/Lib/Src/brushless_motor.c.obj (__aeabi_ddiv)
C:/Users/1/AppData/Local/stm32cube/bundles/gnu-tools-for-stm32/14.3.1+st.2/bin/../lib/gcc/arm-none-eabi/14.3.1/thumb/v7-m/nofp\libgcc.a(_arm_fixdfsi.o)
                              CMakeFiles/patrol_robot.dir/Lib/Src/oled.c.obj (__aeabi_d2iz)
C:/Users/1/AppData/Local/stm32cube/bundles/gnu-tools-for-stm32/14.3.1+st.2/bin/../lib/gcc/arm-none-eabi/14.3.1/thumb/v7-m/nofp\libgcc.a(_arm_truncdfsf2.o)
                              CMakeFiles/patrol_robot.dir/Lib/Src/brushless_motor.c.obj (__aeabi_d2f)
C:/Users/1/AppData/Local/stm32cube/bundles/gnu-tools-for-stm32/14.3.1+st.2/bin/../lib/gcc/arm-none-eabi/14.3.1/thumb/v7-m/nofp\libgcc.a(_arm_addsubsf3.o)
                              CMakeFiles/patrol_robot.dir/Lib/Src/angle_unwrap.c.obj (__aeabi_fsub)
C:/Users/1/AppData/Local/stm32cube/bundles/gnu-tools-for-stm32/14.3.1+st.2/bin/../lib/gcc/arm-none-eabi/14.3.1/thumb/v7-m/nofp\libgcc.a(_arm_muldivsf3.o)
                              CMakeFiles/patrol_robot.dir/Lib/Src/slave.c.obj (__aeabi_fdiv)
C:/Users/1/AppData/Local/stm32cube/bundles/gnu-tools-for-stm32/14.3.1+st.2/bin/../lib/gcc/arm-none-eabi/14.3.1/thumb/v7-m/nofp\libgcc.a(_arm_cmpsf2.o)
                              CMakeFiles/patrol_robot.dir/Lib/Src/speed_PID.c.obj (__aeabi_fcmpeq)
C:/Users/1/AppData/Local/stm32cube/bundles/gnu-tools-for-stm32/14.3.1+st.2/bin/../lib/gcc/arm-none-eabi/14.3.1/thumb/v7-m/nofp\libgcc.a(_arm_fixsfsi.o)
                              CMakeFiles/patrol_robot.dir/Lib/Src/slave.c.obj (__aeabi_f2iz)
C:/Users/1/AppData/Local/stm32cube/bundles/gnu-tools-for-stm32/14.3.1+st.2/bin/../lib/gcc/arm-none-eabi/14.3.1/thumb/v7-m/nofp\libgcc.a(_arm_fixunssfsi.o)
                              CMakeFiles/patrol_robot.dir/Core/Src/main.c.obj (__aeabi_f2uiz)
C:/Users/1/AppData/Local/stm32cube/bundles/gnu-tools-for-stm32/14.3.1+st.2/bin/../lib/gcc/arm-none-eabi/14.3.1/../../../../arm-none-eabi/lib/thumb/v7-m/nofp\libg_nano.a(libc_a-exit.o)
                              C:/Users/1/AppData/Local/stm32cube/bundles/gnu-tools-for-stm32/14.3.1+st.2/bin/../lib/gcc/arm-none-eabi/14.3.1/../../../../arm-none-eabi/lib/thumb/v7-m/nofp/crt0.o (exit)
C:/Users/1/AppData/Local/stm32cube/bundles/gnu-tools-for-stm32/14.3.1+st.2/bin/../lib/gcc/arm-none-eabi/14.3.1/../../../../arm-none-eabi/lib/thumb/v7-m/nofp\libg_nano.a(libc_a-strtod.o)
                              CMakeFiles/patrol_robot.dir/Lib/Src/mix_algorithm.c.obj (strtof)
C:/Users/1/AppData/Local/stm32cube/bundles/gnu-tools-for-stm32/14.3.1+st.2/bin/../lib/gcc/arm-none-eabi/14.3.1/../../../../arm-none-eabi/lib/thumb/v7-m/nofp\libg_nano.a(libc_a-nano-vfprintf_float.o)
                              (_printf_float)
C:/Users/1/AppData/Local/stm32cube/bundles/gnu-tools-for-stm32/14.3.1+st.2/bin/../lib/gcc/arm-none-eabi/14.3.1/../../../../arm-none-eabi/lib/thumb/v7-m/nofp\libg_nano.a(libc_a-nano-vfprintf_i.o)
                              C:/Users/1/AppData/Local/stm32cube/bundles/gnu-tools-for-stm32/14.3.1+st.2/bin/../lib/gcc/arm-none-eabi/14.3.1/../../../../arm-none-eabi/lib/thumb/v7-m/nofp\libg_nano.a(libc_a-nano-vfprintf_float.o) (_printf_common)
C:/Users/1/AppData/Local/stm32cube/bundles/gnu-tools-for-stm32/14.3.1+st.2/bin/../lib/gcc/arm-none-eabi/14.3.1/../../../../arm-none-eabi/lib/thumb/v7-m/nofp\libg_nano.a(libc_a-findfp.o)
                              C:/Users/1/AppData/Local/stm32cube/bundles/gnu-tools-for-stm32/14.3.1+st.2/bin/../lib/gcc/arm-none-eabi/14.3.1/../../../../arm-none-eabi/lib/thumb/v7-m/nofp\libg_nano.a(libc_a-exit.o) (__stdio_exit_handler)
[...]
Memory Configuration

Name             Origin             Length             Attributes
RAM              0x20000000         0x00005000         xrw
FLASH            0x08000000         0x00010000         xr
*default*        0x00000000         0xffffffff

Linker script and memory map

LOAD C:/Users/1/AppData/Local/stm32cube/bundles/gnu-tools-for-stm32/14.3.1+st.2/bin/../lib/gcc/arm-none-eabi/14.3.1/thumb/v7-m/nofp/crti.o
LOAD C:/Users/1/AppData/Local/stm32cube/bundles/gnu-tools-for-stm32/14.3.1+st.2/bin/../lib/gcc/arm-none-eabi/14.3.1/thumb/v7-m/nofp/crtbegin.o
LOAD C:/Users/1/AppData/Local/stm32cube/bundles/gnu-tools-for-stm32/14.3.1+st.2/bin/../lib/gcc/arm-none-eabi/14.3.1/../../../../arm-none-eabi/lib/thumb/v7-m/nofp/crt0.o
LOAD cmake/stm32cubemx/CMakeFiles/STM32_Drivers.dir/__/__/Core/Src/system_stm32f1xx.c.obj
LOAD cmake/stm32cubemx/CMakeFiles/STM32_Drivers.dir/__/__/Drivers/STM32F1xx_HAL_Driver/Src/stm32f1xx_hal_gpio_ex.c.obj
LOAD cmake/stm32cubemx/CMakeFiles/STM32_Drivers.dir/__/__/Drivers/STM32F1xx_HAL_Driver/Src/stm32f1xx_hal_adc.c.obj
LOAD cmake/stm32cubemx/CMakeFiles/STM32_Drivers.dir/__/__/Drivers/STM32F1xx_HAL_Driver/Src/stm32f1xx_hal_adc_ex.c.obj
LOAD cmake/stm32cubemx/CMakeFiles/STM32_Drivers.dir/__/__/Drivers/STM32F1xx_HAL_Driver/Src/stm32f1xx_hal.c.obj
LOAD cmake/stm32cubemx/CMakeFiles/STM32_Drivers.dir/__/__/Drivers/STM32F1xx_HAL_Driver/Src/stm32f1xx_hal_rcc.c.obj
LOAD cmake/stm32cubemx/CMakeFiles/STM32_Drivers.dir/__/__/Drivers/STM32F1xx_HAL_Driver/Src/stm32f1xx_hal_rcc_ex.c.obj
LOAD cmake/stm32cubemx/CMakeFiles/STM32_Drivers.dir/__/__/Drivers/STM32F1xx_HAL_Driver/Src/stm32f1xx_hal_gpio.c.obj
LOAD cmake/stm32cubemx/CMakeFiles/STM32_Drivers.dir/__/__/Drivers/STM32F1xx_HAL_Driver/Src/stm32f1xx_hal_dma.c.obj
LOAD cmake/stm32cubemx/CMakeFiles/STM32_Drivers.dir/__/__/Drivers/STM32F1xx_HAL_Driver/Src/stm32f1xx_hal_cortex.c.obj
LOAD cmake/stm32cubemx/CMakeFiles/STM32_Drivers.dir/__/__/Drivers/STM32F1xx_HAL_Driver/Src/stm32f1xx_hal_pwr.c.obj
LOAD cmake/stm32cubemx/CMakeFiles/STM32_Drivers.dir/__/__/Drivers/STM32F1xx_HAL_Driver/Src/stm32f1xx_hal_flash.c.obj
LOAD cmake/stm32cubemx/CMakeFiles/STM32_Drivers.dir/__/__/Drivers/STM32F1xx_HAL_Driver/Src/stm32f1xx_hal_flash_ex.c.obj
LOAD cmake/stm32cubemx/CMakeFiles/STM32_Drivers.dir/__/__/Drivers/STM32F1xx_HAL_Driver/Src/stm32f1xx_hal_exti.c.obj
LOAD cmake/stm32cubemx/CMakeFiles/STM32_Drivers.dir/__/__/Drivers/STM32F1xx_HAL_Driver/Src/stm32f1xx_hal_can.c.obj
LOAD cmake/stm32cubemx/CMakeFiles/STM32_Drivers.dir/__/__/Drivers/STM32F1xx_HAL_Driver/Src/stm32f1xx_hal_i2c.c.obj
LOAD cmake/stm32cubemx/CMakeFiles/STM32_Drivers.dir/__/__/Drivers/STM32F1xx_HAL_Driver/Src/stm32f1xx_hal_tim.c.obj
LOAD cmake/stm32cubemx/CMakeFiles/STM32_Drivers.dir/__/__/Drivers/STM32F1xx_HAL_Driver/Src/stm32f1xx_hal_tim_ex.c.obj
LOAD cmake/stm32cubemx/CMakeFiles/STM32_Drivers.dir/__/__/Drivers/STM32F1xx_HAL_Driver/Src/stm32f1xx_hal_uart.c.obj
LOAD CMakeFiles/patrol_robot.dir/Lib/Src/angle_unwrap.c.obj
LOAD CMakeFiles/patrol_robot.dir/Lib/Src/car_sport.c.obj
LOAD CMakeFiles/patrol_robot.dir/Lib/Src/mix_algorithm.c.obj
LOAD CMakeFiles/patrol_robot.dir/Core/Src/move.c.obj
LOAD CMakeFiles/patrol_robot.dir/Core/Src/communication.c.obj
LOAD CMakeFiles/patrol_robot.dir/Lib/Src/slave.c.obj
LOAD CMakeFiles/patrol_robot.dir/Core/Src/main.c.obj
LOAD CMakeFiles/patrol_robot.dir/Core/Src/gpio.c.obj
LOAD CMakeFiles/patrol_robot.dir/Core/Src/adc.c.obj
LOAD CMakeFiles/patrol_robot.dir/Core/Src/can.c.obj
LOAD CMakeFiles/patrol_robot.dir/Core/Src/dma.c.obj
LOAD CMakeFiles/patrol_robot.dir/Core/Src/i2c.c.obj
LOAD CMakeFiles/patrol_robot.dir/Core/Src/tim.c.obj
LOAD CMakeFiles/patrol_robot.dir/Core/Src/usart.c.obj
LOAD CMakeFiles/patrol_robot.dir/Core/Src/stm32f1xx_it.c.obj
LOAD CMakeFiles/patrol_robot.dir/Core/Src/stm32f1xx_hal_msp.c.obj
LOAD CMakeFiles/patrol_robot.dir/Core/Src/sysmem.c.obj
LOAD CMakeFiles/patrol_robot.dir/Core/Src/syscalls.c.obj
LOAD CMakeFiles/patrol_robot.dir/startup_stm32f103xb.s.obj
LOAD CMakeFiles/patrol_robot.dir/Lib/Src/brushless_motor.c.obj
LOAD CMakeFiles/patrol_robot.dir/Lib/Src/font.c.obj
LOAD CMakeFiles/patrol_robot.dir/Lib/Src/jy901s.c.obj
LOAD CMakeFiles/patrol_robot.dir/Lib/Src/oled.c.obj
LOAD CMakeFiles/patrol_robot.dir/Lib/Src/simple_CAN.c.obj
LOAD CMakeFiles/patrol_robot.dir/Lib/Src/speed_PID.c.obj
LOAD C:/Users/1/AppData/Local/stm32cube/bundles/gnu-tools-for-stm32/14.3.1+st.2/bin/../lib/gcc/arm-none-eabi/14.3.1/../../../../arm-none-eabi/lib/thumb/v7-m/nofp\libm.a
START GROUP
LOAD C:/Users/1/AppData/Local/stm32cube/bundles/gnu-tools-for-stm32/14.3.1+st.2/bin/../lib/gcc/arm-none-eabi/14.3.1/thumb/v7-m/nofp\libgcc.a
LOAD C:/Users/1/AppData/Local/stm32cube/bundles/gnu-tools-for-stm32/14.3.1+st.2/bin/../lib/gcc/arm-none-eabi/14.3.1/../../../../arm-none-eabi/lib/thumb/v7-m/nofp\libg_nano.a
LOAD C:/Users/1/AppData/Local/stm32cube/bundles/gnu-tools-for-stm32/14.3.1+st.2/bin/../lib/gcc/arm-none-eabi/14.3.1/../../../../arm-none-eabi/lib/thumb/v7-m/nofp\libc_nano.a
END GROUP
START GROUP
LOAD C:/Users/1/AppData/Local/stm32cube/bundles/gnu-tools-for-stm32/14.3.1+st.2/bin/../lib/gcc/arm-none-eabi/14.3.1/thumb/v7-m/nofp\libgcc.a
LOAD C:/Users/1/AppData/Local/stm32cube/bundles/gnu-tools-for-stm32/14.3.1+st.2/bin/../lib/gcc/arm-none-eabi/14.3.1/../../../../arm-none-eabi/lib/thumb/v7-m/nofp\libc_nano.a
END GROUP
LOAD C:/Users/1/AppData/Local/stm32cube/bundles/gnu-tools-for-stm32/14.3.1+st.2/bin/../lib/gcc/arm-none-eabi/14.3.1/thumb/v7-m/nofp/crtend.o
LOAD C:/Users/1/AppData/Local/stm32cube/bundles/gnu-tools-for-stm32/14.3.1+st.2/bin/../lib/gcc/arm-none-eabi/14.3.1/thumb/v7-m/nofp/crtn.o
                0x20005000                        _estack = (ORIGIN (RAM) + LENGTH (RAM))
                0x00000200                        _Min_Heap_Size = 0x200
                0x00000400                        _Min_Stack_Size = 0x400

.isr_vector     0x08000000      0x10c
                0x08000000                        . = ALIGN (0x4)
 *(.isr_vector)
 .isr_vector    0x08000000      0x10c CMakeFiles/patrol_robot.dir/startup_stm32f103xb.s.obj
                0x08000000                g_pfnVectors
                0x0800010c                        . = ALIGN (0x4)

.text           0x08000110     0xb0a4
                0x08000110                        . = ALIGN (0x4)
 *(.text)
 .text          0x08000110       0x40 C:/Users/1/AppData/Local/stm32cube/bundles/gnu-tools-for-stm32/14.3.1+st.2/bin/../lib/gcc/arm-none-eabi/14.3.1/thumb/v7-m/nofp/crtbegin.o
 .text          0x08000150      0x378 C:/Users/1/AppData/Local/stm32cube/bundles/gnu-tools-for-stm32/14.3.1+st.2/bin/../lib/gcc/arm-none-eabi/14.3.1/thumb/v7-m/nofp\libgcc.a(_arm_addsubdf3.o)
                0x08000150                __aeabi_drsub
                0x08000158                __aeabi_dsub
                0x08000158                __subdf3
                0x0800015c                __aeabi_dadd
                0x0800015c                __adddf3
                0x080003d4                __floatunsidf
                0x080003d4                __aeabi_ui2d
                0x080003f4                __floatsidf
                0x080003f4                __aeabi_i2d
                0x08000418                __aeabi_f2d
                0x08000418                __extendsfdf2
                0x0800045c                __floatundidf
                0x0800045c                __aeabi_ul2d
                0x0800046c                __floatdidf
                0x0800046c                __aeabi_l2d
 .text          0x080004c8      0x424 C:/Users/1/AppData/Local/stm32cube/bundles/gnu-tools-for-stm32/14.3.1+st.2/bin/../lib/gcc/arm-none-eabi/14.3.1/thumb/v7-m/nofp\libgcc.a(_arm_muldivdf3.o)
                0x080004c8                __aeabi_dmul
                0x080004c8                __muldf3
                0x0800071c                __divdf3
                0x0800071c                __aeabi_ddiv
 .text          0x080008ec       0x50 C:/Users/1/AppData/Local/stm32cube/bundles/gnu-tools-for-stm32/14.3.1+st.2/bin/../lib/gcc/arm-none-eabi/14.3.1/thumb/v7-m/nofp\libgcc.a(_arm_fixdfsi.o)
                0x080008ec                __aeabi_d2iz
                0x080008ec                __fixdfsi
 .text          0x0800093c       0xa0 C:/Users/1/AppData/Local/stm32cube/bundles/gnu-tools-for-stm32/14.3.1+st.2/bin/../lib/gcc/arm-none-eabi/14.3.1/thumb/v7-m/nofp\libgcc.a(_arm_truncdfsf2.o)
                0x0800093c                __truncdfsf2
                0x0800093c                __aeabi_d2f
 .text          0x080009dc      0x21c C:/Users/1/AppData/Local/stm32cube/bundles/gnu-tools-for-stm32/14.3.1+st.2/bin/../lib/gcc/arm-none-eabi/14.3.1/thumb/v7-m/nofp\libgcc.a(_arm_addsubsf3.o)
                0x080009dc                __aeabi_frsub
                0x080009e4                __subsf3
                0x080009e4                __aeabi_fsub
                0x080009e8                __aeabi_fadd
                0x080009e8                __addsf3
                0x08000b48                __aeabi_ui2f
                0x08000b48                __floatunsisf
                0x08000b50                __aeabi_i2f
                0x08000b50                __floatsisf
                0x08000b6c                __aeabi_ul2f
                0x08000b6c                __floatundisf
                0x08000b7c                __aeabi_l2f
                0x08000b7c                __floatdisf
 .text          0x08000bf8      0x2a0 C:/Users/1/AppData/Local/stm32cube/bundles/gnu-tools-for-stm32/14.3.1+st.2/bin/../lib/gcc/arm-none-eabi/14.3.1/thumb/v7-m/nofp\libgcc.a(_arm_muldivsf3.o)
                0x08000bf8                __mulsf3
                0x08000bf8                __aeabi_fmul
                0x08000d60                __aeabi_fdiv
                0x08000d60                __divsf3
 .text          0x08000e98       0xec C:/Users/1/AppData/Local/stm32cube/bundles/gnu-tools-for-stm32/14.3.1+st.2/bin/../lib/gcc/arm-none-eabi/14.3.1/thumb/v7-m/nofp\libgcc.a(_arm_cmpsf2.o)
                0x08000e98                __gesf2
                0x08000e98                __gtsf2
                0x08000ea0                __lesf2
                0x08000ea0                __ltsf2
                0x08000ea8                __nesf2
                0x08000ea8                __eqsf2
                0x08000ea8                __cmpsf2
                0x08000f08                __aeabi_cfrcmple
                0x08000f10                __aeabi_cfcmpeq
                0x08000f10                __aeabi_cfcmple
                0x08000f20                __aeabi_fcmpeq
                0x08000f34                __aeabi_fcmplt
                0x08000f48                __aeabi_fcmple
                0x08000f5c                __aeabi_fcmpge
                0x08000f70                __aeabi_fcmpgt
 .text          0x08000f84       0x4c C:/Users/1/AppData/Local/stm32cube/bundles/gnu-tools-for-stm32/14.3.1+st.2/bin/../lib/gcc/arm-none-eabi/14.3.1/thumb/v7-m/nofp\libgcc.a(_arm_fixsfsi.o)
                0x08000f84                __aeabi_f2iz
                0x08000f84                __fixsfsi
 .text          0x08000fd0       0x40 C:/Users/1/AppData/Local/stm32cube/bundles/gnu-tools-for-stm32/14.3.1+st.2/bin/../lib/gcc/arm-none-eabi/14.3.1/thumb/v7-m/nofp\libgcc.a(_arm_fixunssfsi.o)
                0x08000fd0                __fixunssfsi
                0x08000fd0                __aeabi_f2uiz
 .text          0x08001010       0x10 C:/Users/1/AppData/Local/stm32cube/bundles/gnu-tools-for-stm32/14.3.1+st.2/bin/../lib/gcc/arm-none-eabi/14.3.1/../../../../arm-none-eabi/lib/thumb/v7-m/nofp\libg_nano.a(libc_a-strlen.o)
                0x08001010                strlen
 .text          0x08001020      0x110 C:/Users/1/AppData/Local/stm32cube/bundles/gnu-tools-for-stm32/14.3.1+st.2/bin/../lib/gcc/arm-none-eabi/14.3.1/thumb/v7-m/nofp\libgcc.a(_arm_cmpdf2.o)
                0x08001020                __gtdf2
                0x08001020                __gedf2
                0x08001028                __ltdf2
                0x08001028                __ledf2
                0x08001030                __nedf2
                0x08001030                __eqdf2
                0x08001030                __cmpdf2
                0x080010ac                __aeabi_cdrcmple
                0x080010bc                __aeabi_cdcmpeq
                0x080010bc                __aeabi_cdcmple
                0x080010cc                __aeabi_dcmpeq
                0x080010e0                __aeabi_dcmplt
                0x080010f4                __aeabi_dcmple
                0x08001108                __aeabi_dcmpge
                0x0800111c                __aeabi_dcmpgt
 .text          0x08001130       0x2c C:/Users/1/AppData/Local/stm32cube/bundles/gnu-tools-for-stm32/14.3.1+st.2/bin/../lib/gcc/arm-none-eabi/14.3.1/thumb/v7-m/nofp\libgcc.a(_arm_unorddf2.o)
                0x08001130                __unorddf2
                0x08001130                __aeabi_dcmpun
 .text          0x0800115c       0x40 C:/Users/1/AppData/Local/stm32cube/bundles/gnu-tools-for-stm32/14.3.1+st.2/bin/../lib/gcc/arm-none-eabi/14.3.1/thumb/v7-m/nofp\libgcc.a(_arm_fixunsdfsi.o)
                0x0800115c                __aeabi_d2uiz
                0x0800115c                __fixunsdfsi
 .text          0x0800119c       0x2c C:/Users/1/AppData/Local/stm32cube/bundles/gnu-tools-for-stm32/14.3.1+st.2/bin/../lib/gcc/arm-none-eabi/14.3.1/thumb/v7-m/nofp\libgcc.a(_arm_unordsf2.o)
                0x0800119c                __unordsf2
                0x0800119c                __aeabi_fcmpun
 .text          0x080011c8       0x30 C:/Users/1/AppData/Local/stm32cube/bundles/gnu-tools-for-stm32/14.3.1+st.2/bin/../lib/gcc/arm-none-eabi/14.3.1/thumb/v7-m/nofp\libgcc.a(_fixdfdi.o)
                0x080011c8                __fixdfdi
                0x080011c8                __aeabi_d2lz
 .text          0x080011f8       0x3c C:/Users/1/AppData/Local/stm32cube/bundles/gnu-tools-for-stm32/14.3.1+st.2/bin/../lib/gcc/arm-none-eabi/14.3.1/thumb/v7-m/nofp\libgcc.a(_fixunsdfdi.o)
                0x080011f8                __fixunsdfdi
                0x080011f8                __aeabi_d2ulz
 *(.text*)
 .text.SystemInit
                0x08001234        0x2 cmake/stm32cubemx/CMakeFiles/STM32_Drivers.dir/__/__/Core/Src/system_stm32f1xx.c.obj
                0x08001234                SystemInit
 .text.HAL_ADC_ConvCpltCallback
                0x08001236        0x2 cmake/stm32cubemx/CMakeFiles/STM32_Drivers.dir/__/__/Drivers/STM32F1xx_HAL_Driver/Src/stm32f1xx_hal_adc.c.obj
                0x08001236                HAL_ADC_ConvCpltCallback
 .text.ADC_DMAConvCplt
                0x08001238       0x4e cmake/stm32cubemx/CMakeFiles/STM32_Drivers.dir/__/__/Drivers/STM32F1xx_HAL_Driver/Src/stm32f1xx_hal_adc.c.obj
                0x08001238                ADC_DMAConvCplt
 .text.HAL_ADC_ConvHalfCpltCallback
                0x08001286        0x2 cmake/stm32cubemx/CMakeFiles/STM32_Drivers.dir/__/__/Drivers/STM32F1xx_HAL_Driver/Src/stm32f1xx_hal_adc.c.obj
                0x08001286                HAL_ADC_ConvHalfCpltCallback
 .text.ADC_DMAHalfConvCplt
                0x08001288        0xa cmake/stm32cubemx/CMakeFiles/STM32_Drivers.dir/__/__/Drivers/STM32F1xx_HAL_Driver/Src/stm32f1xx_hal_adc.c.obj
                0x08001288                ADC_DMAHalfConvCplt
 .text.HAL_ADC_ErrorCallback
                0x08001292        0x2 cmake/stm32cubemx/CMakeFiles/STM32_Drivers.dir/__/__/Drivers/STM32F1xx_HAL_Driver/Src/stm32f1xx_hal_adc.c.obj
                0x08001292                HAL_ADC_ErrorCallback
 .text.ADC_DMAError
                0x08001294       0x1a cmake/stm32cubemx/CMakeFiles/STM32_Drivers.dir/__/__/Drivers/STM32F1xx_HAL_Driver/Src/stm32f1xx_hal_adc.c.obj
                0x08001294                ADC_DMAError
 *fill*         0x080012ae        0x2 
 .text.HAL_ADC_ConfigChannel
                0x080012b0       0xfc cmake/stm32cubemx/CMakeFiles/STM32_Drivers.dir/__/__/Drivers/STM32F1xx_HAL_Driver/Src/stm32f1xx_hal_adc.c.obj
                0x080012b0                HAL_ADC_ConfigChannel
 .text.ADC_Enable
                0x080013ac       0x78 cmake/stm32cubemx/CMakeFiles/STM32_Drivers.dir/__/__/Drivers/STM32F1xx_HAL_Driver/Src/stm32f1xx_hal_adc.c.obj
                0x080013ac                ADC_Enable
 .text.HAL_ADC_Start_DMA
                0x08001424      0x118 cmake/stm32cubemx/CMakeFiles/STM32_Drivers.dir/__/__/Drivers/STM32F1xx_HAL_Driver/Src/stm32f1xx_hal_adc.c.obj
                0x08001424                HAL_ADC_Start_DMA
 .text.ADC_ConversionStop_Disable
                0x0800153c       0x4c cmake/stm32cubemx/CMakeFiles/STM32_Drivers.dir/__/__/Drivers/STM32F1xx_HAL_Driver/Src/stm32f1xx_hal_adc.c.obj
                0x0800153c                ADC_ConversionStop_Disable
 .text.HAL_ADC_Init
                0x08001588       0xfc cmake/stm32cubemx/CMakeFiles/STM32_Drivers.dir/__/__/Drivers/STM32F1xx_HAL_Driver/Src/stm32f1xx_hal_adc.c.obj
                0x08001588                HAL_ADC_Init
 .text.HAL_ADCEx_Calibration_Start
                0x08001684       0xe0 cmake/stm32cubemx/CMakeFiles/STM32_Drivers.dir/__/__/Drivers/STM32F1xx_HAL_Driver/Src/stm32f1xx_hal_adc_ex.c.obj
                0x08001684                HAL_ADCEx_Calibration_Start
 .text.HAL_InitTick
                0x08001764       0x48 cmake/stm32cubemx/CMakeFiles/STM32_Drivers.dir/__/__/Drivers/STM32F1xx_HAL_Driver/Src/stm32f1xx_hal.c.obj
                0x08001764                HAL_InitTick
 .text.HAL_Init
                0x080017ac       0x24 cmake/stm32cubemx/CMakeFiles/STM32_Drivers.dir/__/__/Drivers/STM32F1xx_HAL_Driver/Src/stm32f1xx_hal.c.obj
                0x080017ac                HAL_Init
 .text.HAL_IncTick
                0x080017d0       0x18 cmake/stm32cubemx/CMakeFiles/STM32_Drivers.dir/__/__/Drivers/STM32F1xx_HAL_Driver/Src/stm32f1xx_hal.c.obj
                0x080017d0                HAL_IncTick
 .text.HAL_GetTick
                0x080017e8        0xc cmake/stm32cubemx/CMakeFiles/STM32_Drivers.dir/__/__/Drivers/STM32F1xx_HAL_Driver/Src/stm32f1xx_hal.c.obj
                0x080017e8                HAL_GetTick
 .text.HAL_Delay
                0x080017f4       0x24 cmake/stm32cubemx/CMakeFiles/STM32_Drivers.dir/__/__/Drivers/STM32F1xx_HAL_Driver/Src/stm32f1xx_hal.c.obj
                0x080017f4                HAL_Delay
 .text.HAL_RCC_OscConfig
                0x08001818      0x338 cmake/stm32cubemx/CMakeFiles/STM32_Drivers.dir/__/__/Drivers/STM32F1xx_HAL_Driver/Src/stm32f1xx_hal_rcc.c.obj
                0x08001818                HAL_RCC_OscConfig
 .text.HAL_RCC_GetSysClockFreq
                0x08001b50       0x4c cmake/stm32cubemx/CMakeFiles/STM32_Drivers.dir/__/__/Drivers/STM32F1xx_HAL_Driver/Src/stm32f1xx_hal_rcc.c.obj
                0x08001b50                HAL_RCC_GetSysClockFreq
 .text.HAL_RCC_ClockConfig
                0x08001b9c      0x138 cmake/stm32cubemx/CMakeFiles/STM32_Drivers.dir/__/__/Drivers/STM32F1xx_HAL_Driver/Src/stm32f1xx_hal_rcc.c.obj
                0x08001b9c                HAL_RCC_ClockConfig
 .text.HAL_RCC_GetPCLK1Freq
                0x08001cd4       0x20 cmake/stm32cubemx/CMakeFiles/STM32_Drivers.dir/__/__/Drivers/STM32F1xx_HAL_Driver/Src/stm32f1xx_hal_rcc.c.obj
                0x08001cd4                HAL_RCC_GetPCLK1Freq
 .text.HAL_RCC_GetPCLK2Freq
                0x08001cf4       0x20 cmake/stm32cubemx/CMakeFiles/STM32_Drivers.dir/__/__/Drivers/STM32F1xx_HAL_Driver/Src/stm32f1xx_hal_rcc.c.obj
                0x08001cf4                HAL_RCC_GetPCLK2Freq
 .text.HAL_RCCEx_PeriphCLKConfig
                0x08001d14       0xf4 cmake/stm32cubemx/CMakeFiles/STM32_Drivers.dir/__/__/Drivers/STM32F1xx_HAL_Driver/Src/stm32f1xx_hal_rcc_ex.c.obj
                0x08001d14                HAL_RCCEx_PeriphCLKConfig
 .text.HAL_RCCEx_GetPeriphCLKFreq
                0x08001e08       0xbc cmake/stm32cubemx/CMakeFiles/STM32_Drivers.dir/__/__/Drivers/STM32F1xx_HAL_Driver/Src/stm32f1xx_hal_rcc_ex.c.obj
                0x08001e08                HAL_RCCEx_GetPeriphCLKFreq
 .text.HAL_GPIO_Init
                0x08001ec4      0x1a8 cmake/stm32cubemx/CMakeFiles/STM32_Drivers.dir/__/__/Drivers/STM32F1xx_HAL_Driver/Src/stm32f1xx_hal_gpio.c.obj
                0x08001ec4                HAL_GPIO_Init
 .text.HAL_GPIO_ReadPin
                0x0800206c        0xc cmake/stm32cubemx/CMakeFiles/STM32_Drivers.dir/__/__/Drivers/STM32F1xx_HAL_Driver/Src/stm32f1xx_hal_gpio.c.obj
                0x0800206c                HAL_GPIO_ReadPin
 .text.HAL_GPIO_WritePin
                0x08002078        0xa cmake/stm32cubemx/CMakeFiles/STM32_Drivers.dir/__/__/Drivers/STM32F1xx_HAL_Driver/Src/stm32f1xx_hal_gpio.c.obj
                0x08002078                HAL_GPIO_WritePin
 .text.HAL_GPIO_TogglePin
                0x08002082       0x12 cmake/stm32cubemx/CMakeFiles/STM32_Drivers.dir/__/__/Drivers/STM32F1xx_HAL_Driver/Src/stm32f1xx_hal_gpio.c.obj
                0x08002082                HAL_GPIO_TogglePin
 .text.HAL_GPIO_EXTI_IRQHandler
                0x08002094       0x18 cmake/stm32cubemx/CMakeFiles/STM32_Drivers.dir/__/__/Drivers/STM32F1xx_HAL_Driver/Src/stm32f1xx_hal_gpio.c.obj
                0x08002094                HAL_GPIO_EXTI_IRQHandler
 .text.HAL_DMA_Init
                0x080020ac       0x60 cmake/stm32cubemx/CMakeFiles/STM32_Drivers.dir/__/__/Drivers/STM32F1xx_HAL_Driver/Src/stm32f1xx_hal_dma.c.obj
                0x080020ac                HAL_DMA_Init
 .text.HAL_DMA_Start_IT
                0x0800210c       0x78 cmake/stm32cubemx/CMakeFiles/STM32_Drivers.dir/__/__/Drivers/STM32F1xx_HAL_Driver/Src/stm32f1xx_hal_dma.c.obj
                0x0800210c                HAL_DMA_Start_IT
 .text.HAL_DMA_Abort
                0x08002184       0x3e cmake/stm32cubemx/CMakeFiles/STM32_Drivers.dir/__/__/Drivers/STM32F1xx_HAL_Driver/Src/stm32f1xx_hal_dma.c.obj
                0x08002184                HAL_DMA_Abort
 *fill*         0x080021c2        0x2 
 .text.HAL_DMA_Abort_IT
                0x080021c4       0x8c cmake/stm32cubemx/CMakeFiles/STM32_Drivers.dir/__/__/Drivers/STM32F1xx_HAL_Driver/Src/stm32f1xx_hal_dma.c.obj
                0x080021c4                HAL_DMA_Abort_IT
 .text.HAL_DMA_IRQHandler
                0x08002250      0x128 cmake/stm32cubemx/CMakeFiles/STM32_Drivers.dir/__/__/Drivers/STM32F1xx_HAL_Driver/Src/stm32f1xx_hal_dma.c.obj
                0x08002250                HAL_DMA_IRQHandler
 .text.HAL_DMA_GetError
                0x08002378        0x4 cmake/stm32cubemx/CMakeFiles/STM32_Drivers.dir/__/__/Drivers/STM32F1xx_HAL_Driver/Src/stm32f1xx_hal_dma.c.obj
                0x08002378                HAL_DMA_GetError
 .text.HAL_NVIC_SetPriorityGrouping
                0x0800237c       0x24 cmake/stm32cubemx/CMakeFiles/STM32_Drivers.dir/__/__/Drivers/STM32F1xx_HAL_Driver/Src/stm32f1xx_hal_cortex.c.obj
                0x0800237c                HAL_NVIC_SetPriorityGrouping
 .text.HAL_NVIC_SetPriority
                0x080023a0       0x60 cmake/stm32cubemx/CMakeFiles/STM32_Drivers.dir/__/__/Drivers/STM32F1xx_HAL_Driver/Src/stm32f1xx_hal_cortex.c.obj
                0x080023a0                HAL_NVIC_SetPriority
 .text.HAL_NVIC_EnableIRQ
                0x08002400       0x1c cmake/stm32cubemx/CMakeFiles/STM32_Drivers.dir/__/__/Drivers/STM32F1xx_HAL_Driver/Src/stm32f1xx_hal_cortex.c.obj
                0x08002400                HAL_NVIC_EnableIRQ
 .text.HAL_SYSTICK_Config
                0x0800241c       0x28 cmake/stm32cubemx/CMakeFiles/STM32_Drivers.dir/__/__/Drivers/STM32F1xx_HAL_Driver/Src/stm32f1xx_hal_cortex.c.obj
                0x0800241c                HAL_SYSTICK_Config
 .text.HAL_CAN_Init
                0x08002444       0xf6 cmake/stm32cubemx/CMakeFiles/STM32_Drivers.dir/__/__/Drivers/STM32F1xx_HAL_Driver/Src/stm32f1xx_hal_can.c.obj
                0x08002444                HAL_CAN_Init
 .text.HAL_CAN_ConfigFilter
                0x0800253a       0xe0 cmake/stm32cubemx/CMakeFiles/STM32_Drivers.dir/__/__/Drivers/STM32F1xx_HAL_Driver/Src/stm32f1xx_hal_can.c.obj
                0x0800253a                HAL_CAN_ConfigFilter
 .text.HAL_CAN_Start
                0x0800261a       0x56 cmake/stm32cubemx/CMakeFiles/STM32_Drivers.dir/__/__/Drivers/STM32F1xx_HAL_Driver/Src/stm32f1xx_hal_can.c.obj
                0x0800261a                HAL_CAN_Start
 .text.HAL_CAN_AddTxMessage
                0x08002670       0x92 cmake/stm32cubemx/CMakeFiles/STM32_Drivers.dir/__/__/Drivers/STM32F1xx_HAL_Driver/Src/stm32f1xx_hal_can.c.obj
                0x08002670                HAL_CAN_AddTxMessage
 .text.HAL_CAN_GetRxMessage
                0x08002702       0xf8 cmake/stm32cubemx/CMakeFiles/STM32_Drivers.dir/__/__/Drivers/STM32F1xx_HAL_Driver/Src/stm32f1xx_hal_can.c.obj
                0x08002702                HAL_CAN_GetRxMessage
 .text.HAL_CAN_TxMailbox0CompleteCallback
                0x080027fa        0x2 cmake/stm32cubemx/CMakeFiles/STM32_Drivers.dir/__/__/Drivers/STM32F1xx_HAL_Driver/Src/stm32f1xx_hal_can.c.obj
                0x080027fa                HAL_CAN_TxMailbox0CompleteCallback
 .text.HAL_CAN_TxMailbox1CompleteCallback
                0x080027fc        0x2 cmake/stm32cubemx/CMakeFiles/STM32_Drivers.dir/__/__/Drivers/STM32F1xx_HAL_Driver/Src/stm32f1xx_hal_can.c.obj
                0x080027fc                HAL_CAN_TxMailbox1CompleteCallback
 .text.HAL_CAN_TxMailbox2CompleteCallback
                0x080027fe        0x2 cmake/stm32cubemx/CMakeFiles/STM32_Drivers.dir/__/__/Drivers/STM32F1xx_HAL_Driver/Src/stm32f1xx_hal_can.c.obj
                0x080027fe                HAL_CAN_TxMailbox2CompleteCallback
 .text.HAL_CAN_TxMailbox0AbortCallback
                0x08002800        0x2 cmake/stm32cubemx/CMakeFiles/STM32_Drivers.dir/__/__/Drivers/STM32F1xx_HAL_Driver/Src/stm32f1xx_hal_can.c.obj
                0x08002800                HAL_CAN_TxMailbox0AbortCallback
 .text.HAL_CAN_TxMailbox1AbortCallback
                0x08002802        0x2 cmake/stm32cubemx/CMakeFiles/STM32_Drivers.dir/__/__/Drivers/STM32F1xx_HAL_Driver/Src/stm32f1xx_hal_can.c.obj
                0x08002802                HAL_CAN_TxMailbox1AbortCallback
 .text.HAL_CAN_TxMailbox2AbortCallback
                0x08002804        0x2 cmake/stm32cubemx/CMakeFiles/STM32_Drivers.dir/__/__/Drivers/STM32F1xx_HAL_Driver/Src/stm32f1xx_hal_can.c.obj
                0x08002804                HAL_CAN_TxMailbox2AbortCallback
 .text.HAL_CAN_RxFifo0MsgPendingCallback
                0x08002806        0x2 cmake/stm32cubemx/CMakeFiles/STM32_Drivers.dir/__/__/Drivers/STM32F1xx_HAL_Driver/Src/stm32f1xx_hal_can.c.obj
                0x08002806                HAL_CAN_RxFifo0MsgPendingCallback
 .text.HAL_CAN_RxFifo0FullCallback
                0x08002808        0x2 cmake/stm32cubemx/CMakeFiles/STM32_Drivers.dir/__/__/Drivers/STM32F1xx_HAL_Driver/Src/stm32f1xx_hal_can.c.obj
                0x08002808                HAL_CAN_RxFifo0FullCallback
 .text.HAL_CAN_RxFifo1FullCallback
                0x0800280a        0x2 cmake/stm32cubemx/CMakeFiles/STM32_Drivers.dir/__/__/Drivers/STM32F1xx_HAL_Driver/Src/stm32f1xx_hal_can.c.obj
                0x0800280a                HAL_CAN_RxFifo1FullCallback
 .text.HAL_CAN_SleepCallback
                0x0800280c        0x2 cmake/stm32cubemx/CMakeFiles/STM32_Drivers.dir/__/__/Drivers/STM32F1xx_HAL_Driver/Src/stm32f1xx_hal_can.c.obj
                0x0800280c                HAL_CAN_SleepCallback
 .text.HAL_CAN_WakeUpFromRxMsgCallback
                0x0800280e        0x2 cmake/stm32cubemx/CMakeFiles/STM32_Drivers.dir/__/__/Drivers/STM32F1xx_HAL_Driver/Src/stm32f1xx_hal_can.c.obj
                0x0800280e                HAL_CAN_WakeUpFromRxMsgCallback
 .text.HAL_CAN_ErrorCallback
                0x08002810        0x2 cmake/stm32cubemx/CMakeFiles/STM32_Drivers.dir/__/__/Drivers/STM32F1xx_HAL_Driver/Src/stm32f1xx_hal_can.c.obj
                0x08002810                HAL_CAN_ErrorCallback
 .text.HAL_CAN_IRQHandler
                0x08002812      0x208 cmake/stm32cubemx/CMakeFiles/STM32_Drivers.dir/__/__/Drivers/STM32F1xx_HAL_Driver/Src/stm32f1xx_hal_can.c.obj
                0x08002812                HAL_CAN_IRQHandler
 .text.I2C_IsAcknowledgeFailed
                0x08002a1a       0x32 cmake/stm32cubemx/CMakeFiles/STM32_Drivers.dir/__/__/Drivers/STM32F1xx_HAL_Driver/Src/stm32f1xx_hal_i2c.c.obj
 .text.I2C_WaitOnFlagUntilTimeout
                0x08002a4c       0x9c cmake/stm32cubemx/CMakeFiles/STM32_Drivers.dir/__/__/Drivers/STM32F1xx_HAL_Driver/Src/stm32f1xx_hal_i2c.c.obj
 .text.I2C_WaitOnMasterAddressFlagUntilTimeout
                0x08002ae8       0x84 cmake/stm32cubemx/CMakeFiles/STM32_Drivers.dir/__/__/Drivers/STM32F1xx_HAL_Driver/Src/stm32f1xx_hal_i2c.c.obj
 .text.I2C_WaitOnTXEFlagUntilTimeout
                0x08002b6c       0x54 cmake/stm32cubemx/CMakeFiles/STM32_Drivers.dir/__/__/Drivers/STM32F1xx_HAL_Driver/Src/stm32f1xx_hal_i2c.c.obj
 .text.I2C_WaitOnBTFFlagUntilTimeout
                0x08002bc0       0x54 cmake/stm32cubemx/CMakeFiles/STM32_Drivers.dir/__/__/Drivers/STM32F1xx_HAL_Driver/Src/stm32f1xx_hal_i2c.c.obj
 .text.HAL_I2C_Init
                0x08002c14      0x150 cmake/stm32cubemx/CMakeFiles/STM32_Drivers.dir/__/__/Drivers/STM32F1xx_HAL_Driver/Src/stm32f1xx_hal_i2c.c.obj
                0x08002c14                HAL_I2C_Init
 .text.HAL_I2C_Master_Transmit
                0x08002d64      0x1b4 cmake/stm32cubemx/CMakeFiles/STM32_Drivers.dir/__/__/Drivers/STM32F1xx_HAL_Driver/Src/stm32f1xx_hal_i2c.c.obj
                0x08002d64                HAL_I2C_Master_Transmit
 .text.TIM_OC1_SetConfig
                0x08002f18       0x50 cmake/stm32cubemx/CMakeFiles/STM32_Drivers.dir/__/__/Drivers/STM32F1xx_HAL_Driver/Src/stm32f1xx_hal_tim.c.obj
 .text.TIM_OC3_SetConfig
                0x08002f68       0x54 cmake/stm32cubemx/CMakeFiles/STM32_Drivers.dir/__/__/Drivers/STM32F1xx_HAL_Driver/Src/stm32f1xx_hal_tim.c.obj
 .text.TIM_OC4_SetConfig
                0x08002fbc       0x44 cmake/stm32cubemx/CMakeFiles/STM32_Drivers.dir/__/__/Drivers/STM32F1xx_HAL_Driver/Src/stm32f1xx_hal_tim.c.obj
 .text.HAL_TIM_Base_Start_IT
                0x08003000       0x54 cmake/stm32cubemx/CMakeFiles/STM32_Drivers.dir/__/__/Drivers/STM32F1xx_HAL_Driver/Src/stm32f1xx_hal_tim.c.obj
                0x08003000                HAL_TIM_Base_Start_IT
 .text.HAL_TIM_Base_Stop_IT
                0x08003054       0x30 cmake/stm32cubemx/CMakeFiles/STM32_Drivers.dir/__/__/Drivers/STM32F1xx_HAL_Driver/Src/stm32f1xx_hal_tim.c.obj
                0x08003054                HAL_TIM_Base_Stop_IT
 .text.HAL_TIM_PWM_MspInit
                0x08003084        0x2 cmake/stm32cubemx/CMakeFiles/STM32_Drivers.dir/__/__/Drivers/STM32F1xx_HAL_Driver/Src/stm32f1xx_hal_tim.c.obj
                0x08003084                HAL_TIM_PWM_MspInit
 .text.HAL_TIM_OC_DelayElapsedCallback
                0x08003086        0x2 cmake/stm32cubemx/CMakeFiles/STM32_Drivers.dir/__/__/Drivers/STM32F1xx_HAL_Driver/Src/stm32f1xx_hal_tim.c.obj
                0x08003086                HAL_TIM_OC_DelayElapsedCallback
 .text.HAL_TIM_IC_CaptureCallback
                0x08003088        0x2 cmake/stm32cubemx/CMakeFiles/STM32_Drivers.dir/__/__/Drivers/STM32F1xx_HAL_Driver/Src/stm32f1xx_hal_tim.c.obj
                0x08003088                HAL_TIM_IC_CaptureCallback
 .text.HAL_TIM_PWM_PulseFinishedCallback
                0x0800308a        0x2 cmake/stm32cubemx/CMakeFiles/STM32_Drivers.dir/__/__/Drivers/STM32F1xx_HAL_Driver/Src/stm32f1xx_hal_tim.c.obj
                0x0800308a                HAL_TIM_PWM_PulseFinishedCallback
 .text.HAL_TIM_TriggerCallback
                0x0800308c        0x2 cmake/stm32cubemx/CMakeFiles/STM32_Drivers.dir/__/__/Drivers/STM32F1xx_HAL_Driver/Src/stm32f1xx_hal_tim.c.obj
                0x0800308c                HAL_TIM_TriggerCallback
 .text.HAL_TIM_IRQHandler
                0x0800308e      0x128 cmake/stm32cubemx/CMakeFiles/STM32_Drivers.dir/__/__/Drivers/STM32F1xx_HAL_Driver/Src/stm32f1xx_hal_tim.c.obj
                0x0800308e                HAL_TIM_IRQHandler
 *fill*         0x080031b6        0x2 
 .text.TIM_Base_SetConfig
                0x080031b8       0x64 cmake/stm32cubemx/CMakeFiles/STM32_Drivers.dir/__/__/Drivers/STM32F1xx_HAL_Driver/Src/stm32f1xx_hal_tim.c.obj
                0x080031b8                TIM_Base_SetConfig
 .text.HAL_TIM_Base_Init
                0x0800321c       0x58 cmake/stm32cubemx/CMakeFiles/STM32_Drivers.dir/__/__/Drivers/STM32F1xx_HAL_Driver/Src/stm32f1xx_hal_tim.c.obj
                0x0800321c                HAL_TIM_Base_Init
 .text.HAL_TIM_PWM_Init
                0x08003274       0x58 cmake/stm32cubemx/CMakeFiles/STM32_Drivers.dir/__/__/Drivers/STM32F1xx_HAL_Driver/Src/stm32f1xx_hal_tim.c.obj
                0x08003274                HAL_TIM_PWM_Init
 .text.TIM_OC2_SetConfig
                0x080032cc       0x58 cmake/stm32cubemx/CMakeFiles/STM32_Drivers.dir/__/__/Drivers/STM32F1xx_HAL_Driver/Src/stm32f1xx_hal_tim.c.obj
                0x080032cc                TIM_OC2_SetConfig
 .text.HAL_TIM_PWM_ConfigChannel
                0x08003324       0xb0 cmake/stm32cubemx/CMakeFiles/STM32_Drivers.dir/__/__/Drivers/STM32F1xx_HAL_Driver/Src/stm32f1xx_hal_tim.c.obj
                0x08003324                HAL_TIM_PWM_ConfigChannel
 .text.TIM_ETR_SetConfig
                0x080033d4       0x14 cmake/stm32cubemx/CMakeFiles/STM32_Drivers.dir/__/__/Drivers/STM32F1xx_HAL_Driver/Src/stm32f1xx_hal_tim.c.obj
                0x080033d4                TIM_ETR_SetConfig
 .text.HAL_TIM_ConfigClockSource
                0x080033e8      0x132 cmake/stm32cubemx/CMakeFiles/STM32_Drivers.dir/__/__/Drivers/STM32F1xx_HAL_Driver/Src/stm32f1xx_hal_tim.c.obj
                0x080033e8                HAL_TIM_ConfigClockSource
 .text.TIM_CCxChannelCmd
                0x0800351a       0x1c cmake/stm32cubemx/CMakeFiles/STM32_Drivers.dir/__/__/Drivers/STM32F1xx_HAL_Driver/Src/stm32f1xx_hal_tim.c.obj
                0x0800351a                TIM_CCxChannelCmd
 *fill*         0x08003536        0x2 
 .text.HAL_TIM_OC_Start
                0x08003538       0x9c cmake/stm32cubemx/CMakeFiles/STM32_Drivers.dir/__/__/Drivers/STM32F1xx_HAL_Driver/Src/stm32f1xx_hal_tim.c.obj
                0x08003538                HAL_TIM_OC_Start
 .text.HAL_TIM_PWM_Start
                0x080035d4        0x4 cmake/stm32cubemx/CMakeFiles/STM32_Drivers.dir/__/__/Drivers/STM32F1xx_HAL_Driver/Src/stm32f1xx_hal_tim.c.obj
                0x080035d4                HAL_TIM_PWM_Start
 .text.HAL_TIMEx_MasterConfigSynchronization
                0x080035d8       0x5c cmake/stm32cubemx/CMakeFiles/STM32_Drivers.dir/__/__/Drivers/STM32F1xx_HAL_Driver/Src/stm32f1xx_hal_tim_ex.c.obj
                0x080035d8                HAL_TIMEx_MasterConfigSynchronization
 .text.HAL_TIMEx_ConfigBreakDeadTime
                0x08003634       0x4c cmake/stm32cubemx/CMakeFiles/STM32_Drivers.dir/__/__/Drivers/STM32F1xx_HAL_Driver/Src/stm32f1xx_hal_tim_ex.c.obj
                0x08003634                HAL_TIMEx_ConfigBreakDeadTime
 .text.HAL_TIMEx_CommutCallback
                0x08003680        0x2 cmake/stm32cubemx/CMakeFiles/STM32_Drivers.dir/__/__/Drivers/STM32F1xx_HAL_Driver/Src/stm32f1xx_hal_tim_ex.c.obj
                0x08003680                HAL_TIMEx_CommutCallback
 .text.HAL_TIMEx_BreakCallback
                0x08003682        0x2 cmake/stm32cubemx/CMakeFiles/STM32_Drivers.dir/__/__/Drivers/STM32F1xx_HAL_Driver/Src/stm32f1xx_hal_tim_ex.c.obj
                0x08003682                HAL_TIMEx_BreakCallback
 .text.UART_EndRxTransfer
                0x08003684       0x5c cmake/stm32cubemx/CMakeFiles/STM32_Drivers.dir/__/__/Drivers/STM32F1xx_HAL_Driver/Src/stm32f1xx_hal_uart.c.obj
 .text.UART_SetConfig
                0x080036e0       0x74 cmake/stm32cubemx/CMakeFiles/STM32_Drivers.dir/__/__/Drivers/STM32F1xx_HAL_Driver/Src/stm32f1xx_hal_uart.c.obj
 .text.HAL_UART_Init
                0x08003754       0x5e cmake/stm32cubemx/CMakeFiles/STM32_Drivers.dir/__/__/Drivers/STM32F1xx_HAL_Driver/Src/stm32f1xx_hal_uart.c.obj
                0x08003754                HAL_UART_Init
 *fill*         0x080037b2        0x2 
 .text.HAL_UART_Transmit_DMA
                0x080037b4       0x74 cmake/stm32cubemx/CMakeFiles/STM32_Drivers.dir/__/__/Drivers/STM32F1xx_HAL_Driver/Src/stm32f1xx_hal_uart.c.obj
                0x080037b4                HAL_UART_Transmit_DMA
 .text.HAL_UART_AbortReceive
                0x08003828       0x9e cmake/stm32cubemx/CMakeFiles/STM32_Drivers.dir/__/__/Drivers/STM32F1xx_HAL_Driver/Src/stm32f1xx_hal_uart.c.obj
                0x08003828                HAL_UART_AbortReceive
 .text.HAL_UART_TxCpltCallback
                0x080038c6        0x2 cmake/stm32cubemx/CMakeFiles/STM32_Drivers.dir/__/__/Drivers/STM32F1xx_HAL_Driver/Src/stm32f1xx_hal_uart.c.obj
                0x080038c6                HAL_UART_TxCpltCallback
 .text.UART_DMATransmitCplt
                0x080038c8       0x4c cmake/stm32cubemx/CMakeFiles/STM32_Drivers.dir/__/__/Drivers/STM32F1xx_HAL_Driver/Src/stm32f1xx_hal_uart.c.obj
 .text.HAL_UART_TxHalfCpltCallback
                0x08003914        0x2 cmake/stm32cubemx/CMakeFiles/STM32_Drivers.dir/__/__/Drivers/STM32F1xx_HAL_Driver/Src/stm32f1xx_hal_uart.c.obj
                0x08003914                HAL_UART_TxHalfCpltCallback
 .text.UART_DMATxHalfCplt
                0x08003916        0xa cmake/stm32cubemx/CMakeFiles/STM32_Drivers.dir/__/__/Drivers/STM32F1xx_HAL_Driver/Src/stm32f1xx_hal_uart.c.obj
 .text.HAL_UART_RxCpltCallback
                0x08003920        0x2 cmake/stm32cubemx/CMakeFiles/STM32_Drivers.dir/__/__/Drivers/STM32F1xx_HAL_Driver/Src/stm32f1xx_hal_uart.c.obj
                0x08003920                HAL_UART_RxCpltCallback
 .text.HAL_UART_RxHalfCpltCallback
                0x08003922        0x2 cmake/stm32cubemx/CMakeFiles/STM32_Drivers.dir/__/__/Drivers/STM32F1xx_HAL_Driver/Src/stm32f1xx_hal_uart.c.obj
                0x08003922                HAL_UART_RxHalfCpltCallback
 .text.HAL_UART_ErrorCallback
                0x08003924        0x2 cmake/stm32cubemx/CMakeFiles/STM32_Drivers.dir/__/__/Drivers/STM32F1xx_HAL_Driver/Src/stm32f1xx_hal_uart.c.obj
                0x08003924                HAL_UART_ErrorCallback
 .text.UART_DMAError
                0x08003926       0x5a cmake/stm32cubemx/CMakeFiles/STM32_Drivers.dir/__/__/Drivers/STM32F1xx_HAL_Driver/Src/stm32f1xx_hal_uart.c.obj
 .text.UART_DMAAbortOnError
                0x08003980       0x10 cmake/stm32cubemx/CMakeFiles/STM32_Drivers.dir/__/__/Drivers/STM32F1xx_HAL_Driver/Src/stm32f1xx_hal_uart.c.obj
 .text.UART_DMARxHalfCplt
                0x08003990       0x1e cmake/stm32cubemx/CMakeFiles/STM32_Drivers.dir/__/__/Drivers/STM32F1xx_HAL_Driver/Src/stm32f1xx_hal_uart.c.obj
 .text.UART_DMAReceiveCplt
                0x080039ae       0x98 cmake/stm32cubemx/CMakeFiles/STM32_Drivers.dir/__/__/Drivers/STM32F1xx_HAL_Driver/Src/stm32f1xx_hal_uart.c.obj
 .text.UART_Receive_IT.isra.0
                0x08003a46       0xb4 cmake/stm32cubemx/CMakeFiles/STM32_Drivers.dir/__/__/Drivers/STM32F1xx_HAL_Driver/Src/stm32f1xx_hal_uart.c.obj
 *fill*         0x08003afa        0x2 
 .text.HAL_UART_IRQHandler
                0x08003afc      0x294 cmake/stm32cubemx/CMakeFiles/STM32_Drivers.dir/__/__/Drivers/STM32F1xx_HAL_Driver/Src/stm32f1xx_hal_uart.c.obj
                0x08003afc                HAL_UART_IRQHandler
 .text.UART_Start_Receive_DMA
                0x08003d90       0x98 cmake/stm32cubemx/CMakeFiles/STM32_Drivers.dir/__/__/Drivers/STM32F1xx_HAL_Driver/Src/stm32f1xx_hal_uart.c.obj
                0x08003d90                UART_Start_Receive_DMA
 .text.HAL_UART_Receive_DMA
                0x08003e28       0x22 cmake/stm32cubemx/CMakeFiles/STM32_Drivers.dir/__/__/Drivers/STM32F1xx_HAL_Driver/Src/stm32f1xx_hal_uart.c.obj
                0x08003e28                HAL_UART_Receive_DMA
 .text.HAL_UARTEx_ReceiveToIdle_DMA
                0x08003e4a       0x56 cmake/stm32cubemx/CMakeFiles/STM32_Drivers.dir/__/__/Drivers/STM32F1xx_HAL_Driver/Src/stm32f1xx_hal_uart.c.obj
                0x08003e4a                HAL_UARTEx_ReceiveToIdle_DMA
 .text.angle_unwrap
                0x08003ea0       0x4c CMakeFiles/patrol_robot.dir/Lib/Src/angle_unwrap.c.obj
                0x08003ea0                angle_unwrap
 .text.euler_angle_unwrap
                0x08003eec       0x58 CMakeFiles/patrol_robot.dir/Lib/Src/angle_unwrap.c.obj
                0x08003eec                euler_angle_unwrap
 .text.safe_extract_float
                0x08003f44       0x28 CMakeFiles/patrol_robot.dir/Lib/Src/mix_algorithm.c.obj
                0x08003f44                safe_extract_float
 .text.Read_IMU_Data
                0x08003f6c       0x5c CMakeFiles/patrol_robot.dir/Lib/Src/mix_algorithm.c.obj
                0x08003f6c                Read_IMU_Data
 .text.Move_SetWheelSpeed
                0x08003fc8       0x60 CMakeFiles/patrol_robot.dir/Core/Src/move.c.obj
 .text.Move_SetStatus
                0x08004028       0x14 CMakeFiles/patrol_robot.dir/Core/Src/move.c.obj
 .text.Move_StartTurn
                0x0800403c       0x54 CMakeFiles/patrol_robot.dir/Core/Src/move.c.obj
 .text.Move_ApplyCruiseVector
                0x08004090      0x290 CMakeFiles/patrol_robot.dir/Core/Src/move.c.obj
 .text.Move_InputBytes
                0x08004320        0x4 CMakeFiles/patrol_robot.dir/Core/Src/move.c.obj
                0x08004320                Move_InputBytes
 .text.Move_EmergencyStop
                0x08004324       0x84 CMakeFiles/patrol_robot.dir/Core/Src/move.c.obj
                0x08004324                Move_EmergencyStop
 .text.Move_Process20ms
                0x080043a8      0x4b4 CMakeFiles/patrol_robot.dir/Core/Src/move.c.obj
                0x080043a8                Move_Process20ms
 .text.Move_ResetOdometry
                0x0800485c       0x24 CMakeFiles/patrol_robot.dir/Core/Src/move.c.obj
                0x0800485c                Move_ResetOdometry
 .text.Move_Init
                0x08004880       0x38 CMakeFiles/patrol_robot.dir/Core/Src/move.c.obj
                0x08004880                Move_Init
 .text.Move_CommunicationStartAction
                0x080048b8       0xd4 CMakeFiles/patrol_robot.dir/Core/Src/move.c.obj
                0x080048b8                Move_CommunicationStartAction
 .text.Move_CommunicationControl
                0x0800498c       0x38 CMakeFiles/patrol_robot.dir/Core/Src/move.c.obj
                0x0800498c                Move_CommunicationControl
 .text.Move_CommunicationAbort
                0x080049c4       0x10 CMakeFiles/patrol_robot.dir/Core/Src/move.c.obj
                0x080049c4                Move_CommunicationAbort
 .text.Comm_Crc16
                0x080049d4       0x34 CMakeFiles/patrol_robot.dir/Core/Src/communication.c.obj
 .text.Comm_QueueFrame.part.0
                0x08004a08       0x84 CMakeFiles/patrol_robot.dir/Core/Src/communication.c.obj
 .text.Comm_SendReply
                0x08004a8c       0x1c CMakeFiles/patrol_robot.dir/Core/Src/communication.c.obj
 .text.Communication_Init
                0x08004aa8       0x1c CMakeFiles/patrol_robot.dir/Core/Src/communication.c.obj
                0x08004aa8                Communication_Init
 .text.Communication_InputBytes
                0x08004ac4      0x1cc CMakeFiles/patrol_robot.dir/Core/Src/communication.c.obj
                0x08004ac4                Communication_InputBytes
 .text.Communication_Process20ms
                0x08004c90       0x40 CMakeFiles/patrol_robot.dir/Core/Src/communication.c.obj
                0x08004c90                Communication_Process20ms
 .text.Communication_ActionDone
                0x08004cd0       0x28 CMakeFiles/patrol_robot.dir/Core/Src/communication.c.obj
                0x08004cd0                Communication_ActionDone
 .text.slave_Init
                0x08004cf8       0x24 CMakeFiles/patrol_robot.dir/Lib/Src/slave.c.obj
                0x08004cf8                slave_Init
 .text.reset_slave
                0x08004d1c       0x12 CMakeFiles/patrol_robot.dir/Lib/Src/slave.c.obj
                0x08004d1c                reset_slave
 *fill*         0x08004d2e        0x2 
 .text.HAL_TIM_PeriodElapsedCallback
                0x08004d30      0x11c CMakeFiles/patrol_robot.dir/Core/Src/main.c.obj
                0x08004d30                HAL_TIM_PeriodElapsedCallback
 .text.HAL_UARTEx_RxEventCallback
                0x08004e4c      0x21c CMakeFiles/patrol_robot.dir/Core/Src/main.c.obj
                0x08004e4c                HAL_UARTEx_RxEventCallback
 .text.HAL_GPIO_EXTI_Callback
                0x08005068       0x58 CMakeFiles/patrol_robot.dir/Core/Src/main.c.obj
                0x08005068                HAL_GPIO_EXTI_Callback
 .text.SystemClock_Config
                0x080050c0       0x7e CMakeFiles/patrol_robot.dir/Core/Src/main.c.obj
                0x080050c0                SystemClock_Config
 *fill*         0x0800513e        0x2 
 .text.startup.main
                0x08005140      0x3c0 CMakeFiles/patrol_robot.dir/Core/Src/main.c.obj
                0x08005140                main
 .text.Error_Handler
                0x08005500        0x4 CMakeFiles/patrol_robot.dir/Core/Src/main.c.obj
                0x08005500                Error_Handler
 .text.MX_GPIO_Init
                0x08005504       0xf4 CMakeFiles/patrol_robot.dir/Core/Src/gpio.c.obj
                0x08005504                MX_GPIO_Init
 .text.MX_ADC1_Init
                0x080055f8       0x54 CMakeFiles/patrol_robot.dir/Core/Src/adc.c.obj
                0x080055f8                MX_ADC1_Init
 .text.HAL_ADC_MspInit
                0x0800564c       0x98 CMakeFiles/patrol_robot.dir/Core/Src/adc.c.obj
                0x0800564c                HAL_ADC_MspInit
 .text.MX_CAN_Init
                0x080056e4       0x3c CMakeFiles/patrol_robot.dir/Core/Src/can.c.obj
                0x080056e4                MX_CAN_Init
 .text.HAL_CAN_MspInit
                0x08005720       0x90 CMakeFiles/patrol_robot.dir/Core/Src/can.c.obj
                0x08005720                HAL_CAN_MspInit
 .text.MX_DMA_Init
                0x080057b0       0x90 CMakeFiles/patrol_robot.dir/Core/Src/dma.c.obj
                0x080057b0                MX_DMA_Init
 .text.MX_I2C1_Init
                0x08005840       0x40 CMakeFiles/patrol_robot.dir/Core/Src/i2c.c.obj
                0x08005840                MX_I2C1_Init
 .text.HAL_I2C_MspInit
                0x08005880       0x78 CMakeFiles/patrol_robot.dir/Core/Src/i2c.c.obj
                0x08005880                HAL_I2C_MspInit
 .text.MX_TIM3_Init
                0x080058f8       0x6c CMakeFiles/patrol_robot.dir/Core/Src/tim.c.obj
                0x080058f8                MX_TIM3_Init
 .text.MX_TIM4_Init
                0x08005964       0x68 CMakeFiles/patrol_robot.dir/Core/Src/tim.c.obj
                0x08005964                MX_TIM4_Init
 .text.HAL_TIM_Base_MspInit
                0x080059cc       0x8c CMakeFiles/patrol_robot.dir/Core/Src/tim.c.obj
                0x080059cc                HAL_TIM_Base_MspInit
 .text.HAL_TIM_MspPostInit
                0x08005a58       0x50 CMakeFiles/patrol_robot.dir/Core/Src/tim.c.obj
                0x08005a58                HAL_TIM_MspPostInit
 .text.MX_TIM1_Init
                0x08005aa8       0xe8 CMakeFiles/patrol_robot.dir/Core/Src/tim.c.obj
                0x08005aa8                MX_TIM1_Init
 .text.MX_USART1_UART_Init
                0x08005b90       0x38 CMakeFiles/patrol_robot.dir/Core/Src/usart.c.obj
                0x08005b90                MX_USART1_UART_Init
 .text.MX_USART2_UART_Init
                0x08005bc8       0x38 CMakeFiles/patrol_robot.dir/Core/Src/usart.c.obj
                0x08005bc8                MX_USART2_UART_Init
 .text.MX_USART3_UART_Init
                0x08005c00       0x38 CMakeFiles/patrol_robot.dir/Core/Src/usart.c.obj
                0x08005c00                MX_USART3_UART_Init
 .text.HAL_UART_MspInit
                0x08005c38      0x27c CMakeFiles/patrol_robot.dir/Core/Src/usart.c.obj
                0x08005c38                HAL_UART_MspInit
 .text.NMI_Handler
                0x08005eb4        0x2 CMakeFiles/patrol_robot.dir/Core/Src/stm32f1xx_it.c.obj
                0x08005eb4                NMI_Handler
 .text.HardFault_Handler
                0x08005eb6        0x2 CMakeFiles/patrol_robot.dir/Core/Src/stm32f1xx_it.c.obj
                0x08005eb6                HardFault_Handler
 .text.MemManage_Handler
                0x08005eb8        0x2 CMakeFiles/patrol_robot.dir/Core/Src/stm32f1xx_it.c.obj
                0x08005eb8                MemManage_Handler
 .text.BusFault_Handler
                0x08005eba        0x2 CMakeFiles/patrol_robot.dir/Core/Src/stm32f1xx_it.c.obj
                0x08005eba                BusFault_Handler
 .text.UsageFault_Handler
                0x08005ebc        0x2 CMakeFiles/patrol_robot.dir/Core/Src/stm32f1xx_it.c.obj
                0x08005ebc                UsageFault_Handler
 .text.SVC_Handler
                0x08005ebe        0x2 CMakeFiles/patrol_robot.dir/Core/Src/stm32f1xx_it.c.obj
                0x08005ebe                SVC_Handler
 .text.DebugMon_Handler
                0x08005ec0        0x2 CMakeFiles/patrol_robot.dir/Core/Src/stm32f1xx_it.c.obj
                0x08005ec0                DebugMon_Handler
 .text.PendSV_Handler
                0x08005ec2        0x2 CMakeFiles/patrol_robot.dir/Core/Src/stm32f1xx_it.c.obj
                0x08005ec2                PendSV_Handler
 .text.SysTick_Handler
                0x08005ec4        0x4 CMakeFiles/patrol_robot.dir/Core/Src/stm32f1xx_it.c.obj
                0x08005ec4                SysTick_Handler
 .text.DMA1_Channel1_IRQHandler
                0x08005ec8        0xc CMakeFiles/patrol_robot.dir/Core/Src/stm32f1xx_it.c.obj
                0x08005ec8                DMA1_Channel1_IRQHandler
 .text.DMA1_Channel2_IRQHandler
                0x08005ed4        0xc CMakeFiles/patrol_robot.dir/Core/Src/stm32f1xx_it.c.obj
                0x08005ed4                DMA1_Channel2_IRQHandler
 .text.DMA1_Channel3_IRQHandler
                0x08005ee0        0xc CMakeFiles/patrol_robot.dir/Core/Src/stm32f1xx_it.c.obj
                0x08005ee0                DMA1_Channel3_IRQHandler
 .text.DMA1_Channel4_IRQHandler
                0x08005eec        0xc CMakeFiles/patrol_robot.dir/Core/Src/stm32f1xx_it.c.obj
                0x08005eec                DMA1_Channel4_IRQHandler
 .text.DMA1_Channel5_IRQHandler
                0x08005ef8        0xc CMakeFiles/patrol_robot.dir/Core/Src/stm32f1xx_it.c.obj
                0x08005ef8                DMA1_Channel5_IRQHandler
 .text.DMA1_Channel6_IRQHandler
                0x08005f04        0xc CMakeFiles/patrol_robot.dir/Core/Src/stm32f1xx_it.c.obj
                0x08005f04                DMA1_Channel6_IRQHandler
 .text.DMA1_Channel7_IRQHandler
                0x08005f10        0xc CMakeFiles/patrol_robot.dir/Core/Src/stm32f1xx_it.c.obj
                0x08005f10                DMA1_Channel7_IRQHandler
 .text.USB_LP_CAN1_RX0_IRQHandler
                0x08005f1c        0xc CMakeFiles/patrol_robot.dir/Core/Src/stm32f1xx_it.c.obj
                0x08005f1c                USB_LP_CAN1_RX0_IRQHandler
 .text.CAN1_RX1_IRQHandler
                0x08005f28        0x4 CMakeFiles/patrol_robot.dir/Core/Src/stm32f1xx_it.c.obj
                0x08005f28                CAN1_RX1_IRQHandler
 .text.EXTI9_5_IRQHandler
                0x08005f2c       0x12 CMakeFiles/patrol_robot.dir/Core/Src/stm32f1xx_it.c.obj
                0x08005f2c                EXTI9_5_IRQHandler
 *fill*         0x08005f3e        0x2 
 .text.TIM3_IRQHandler
                0x08005f40        0xc CMakeFiles/patrol_robot.dir/Core/Src/stm32f1xx_it.c.obj
                0x08005f40                TIM3_IRQHandler
 .text.TIM4_IRQHandler
                0x08005f4c        0xc CMakeFiles/patrol_robot.dir/Core/Src/stm32f1xx_it.c.obj
                0x08005f4c                TIM4_IRQHandler
 .text.USART1_IRQHandler
                0x08005f58        0xc CMakeFiles/patrol_robot.dir/Core/Src/stm32f1xx_it.c.obj
                0x08005f58                USART1_IRQHandler
 .text.USART3_IRQHandler
                0x08005f64        0xc CMakeFiles/patrol_robot.dir/Core/Src/stm32f1xx_it.c.obj
                0x08005f64                USART3_IRQHandler
 .text.HAL_MspInit
                0x08005f70       0x44 CMakeFiles/patrol_robot.dir/Core/Src/stm32f1xx_hal_msp.c.obj
                0x08005f70                HAL_MspInit
 .text._sbrk    0x08005fb4       0x3c CMakeFiles/patrol_robot.dir/Core/Src/sysmem.c.obj
                0x08005fb4                _sbrk
 .text._getpid  0x08005ff0        0x4 CMakeFiles/patrol_robot.dir/Core/Src/syscalls.c.obj
                0x08005ff0                _getpid
 .text._kill    0x08005ff4       0x10 CMakeFiles/patrol_robot.dir/Core/Src/syscalls.c.obj
                0x08005ff4                _kill
 .text._exit    0x08006004        0xc CMakeFiles/patrol_robot.dir/Core/Src/syscalls.c.obj
                0x08006004                _exit
 .text._read    0x08006010       0x1c CMakeFiles/patrol_robot.dir/Core/Src/syscalls.c.obj
                0x08006010                _read
 .text._write   0x0800602c       0x1c CMakeFiles/patrol_robot.dir/Core/Src/syscalls.c.obj
                0x0800602c                _write
 .text._close   0x08006048        0x6 CMakeFiles/patrol_robot.dir/Core/Src/syscalls.c.obj
                0x08006048                _close
 .text._fstat   0x0800604e        0xa CMakeFiles/patrol_robot.dir/Core/Src/syscalls.c.obj
                0x0800604e                _fstat
 .text._isatty  0x08006058        0x4 CMakeFiles/patrol_robot.dir/Core/Src/syscalls.c.obj
                0x08006058                _isatty
 .text._lseek   0x0800605c        0x4 CMakeFiles/patrol_robot.dir/Core/Src/syscalls.c.obj
                0x0800605c                _lseek
 .text.Reset_Handler
                0x08006060       0x48 CMakeFiles/patrol_robot.dir/startup_stm32f103xb.s.obj
                0x08006060                Reset_Handler
 .text.Default_Handler
                0x080060a8        0x2 CMakeFiles/patrol_robot.dir/startup_stm32f103xb.s.obj
                0x080060a8                RTC_Alarm_IRQHandler
                0x080060a8                EXTI2_IRQHandler
                0x080060a8                TIM1_CC_IRQHandler
                0x080060a8                PVD_IRQHandler
                0x080060a8                EXTI3_IRQHandler
                0x080060a8                EXTI0_IRQHandler
                0x080060a8                I2C2_EV_IRQHandler
                0x080060a8                ADC1_2_IRQHandler
                0x080060a8                SPI1_IRQHandler
                0x080060a8                TAMPER_IRQHandler
                0x080060a8                RTC_IRQHandler
                0x080060a8                I2C1_EV_IRQHandler
                0x080060a8                RCC_IRQHandler
                0x080060a8                TIM1_TRG_COM_IRQHandler
                0x080060a8                Default_Handler
                0x080060a8                EXTI15_10_IRQHandler
                0x080060a8                SPI2_IRQHandler
                0x080060a8                EXTI4_IRQHandler
                0x080060a8                USB_HP_CAN1_TX_IRQHandler
                0x080060a8                TIM1_UP_IRQHandler
                0x080060a8                WWDG_IRQHandler
                0x080060a8                TIM2_IRQHandler
                0x080060a8                TIM1_BRK_IRQHandler
                0x080060a8                EXTI1_IRQHandler
                0x080060a8                USART2_IRQHandler
                0x080060a8                I2C2_ER_IRQHandler
                0x080060a8                CAN1_SCE_IRQHandler
                0x080060a8                FLASH_IRQHandler
                0x080060a8                I2C1_ER_IRQHandler
                0x080060a8                USBWakeUp_IRQHandler
 *fill*         0x080060aa        0x6 
 .text.Motor_CalcRevVolt
                0x080060b0       0x4c CMakeFiles/patrol_robot.dir/Lib/Src/brushless_motor.c.obj
                0x080060b0                Motor_CalcRevVolt
 .text.HAL_CAN_RxFifo1MsgPendingCallback
                0x080060fc       0x44 CMakeFiles/patrol_robot.dir/Lib/Src/brushless_motor.c.obj
                0x080060fc                HAL_CAN_RxFifo1MsgPendingCallback
 .text.Motor_data_calculation
                0x08006140      0x1e4 CMakeFiles/patrol_robot.dir/Lib/Src/brushless_motor.c.obj
                0x08006140                Motor_data_calculation
 .text.Motor_InitAll
                0x08006324       0x54 CMakeFiles/patrol_robot.dir/Lib/Src/brushless_motor.c.obj
                0x08006324                Motor_InitAll
 .text.Motor_SetTorque
                0x08006378        0x4 CMakeFiles/patrol_robot.dir/Lib/Src/brushless_motor.c.obj
                0x08006378                Motor_SetTorque
 .text.Motor_UpdateVoltage
                0x0800637c       0xa0 CMakeFiles/patrol_robot.dir/Lib/Src/brushless_motor.c.obj
                0x0800637c                Motor_UpdateVoltage
 .text.Motor_SendTask
                0x0800641c       0x74 CMakeFiles/patrol_robot.dir/Lib/Src/brushless_motor.c.obj
                0x0800641c                Motor_SendTask
 .text.Gyroscope_Init
                0x08006490       0x20 CMakeFiles/patrol_robot.dir/Lib/Src/jy901s.c.obj
                0x08006490                Gyroscope_Init
 .text.Gyroscope_Process
                0x080064b0      0x300 CMakeFiles/patrol_robot.dir/Lib/Src/jy901s.c.obj
                0x080064b0                Gyroscope_Process
 .text.OLED_Send
                0x080067b0       0x1c CMakeFiles/patrol_robot.dir/Lib/Src/oled.c.obj
                0x080067b0                OLED_Send
 .text.OLED_SendCmd
                0x080067cc       0x10 CMakeFiles/patrol_robot.dir/Lib/Src/oled.c.obj
                0x080067cc                OLED_SendCmd
 .text.OLED_NewFrame
                0x080067dc       0x10 CMakeFiles/patrol_robot.dir/Lib/Src/oled.c.obj
                0x080067dc                OLED_NewFrame
 .text.OLED_ShowFrame
                0x080067ec       0x48 CMakeFiles/patrol_robot.dir/Lib/Src/oled.c.obj
                0x080067ec                OLED_ShowFrame
 .text.OLED_Init
                0x08006834       0xb6 CMakeFiles/patrol_robot.dir/Lib/Src/oled.c.obj
                0x08006834                OLED_Init
 *fill*         0x080068ea        0x2 
 .text.OLED_SetByte_Fine
                0x080068ec       0x54 CMakeFiles/patrol_robot.dir/Lib/Src/oled.c.obj
                0x080068ec                OLED_SetByte_Fine
 .text.OLED_SetBits_Fine
                0x08006940       0x66 CMakeFiles/patrol_robot.dir/Lib/Src/oled.c.obj
                0x08006940                OLED_SetBits_Fine
 .text.OLED_SetBits
                0x080069a6       0x40 CMakeFiles/patrol_robot.dir/Lib/Src/oled.c.obj
                0x080069a6                OLED_SetBits
 .text.OLED_SetBlock
                0x080069e6       0x98 CMakeFiles/patrol_robot.dir/Lib/Src/oled.c.obj
                0x080069e6                OLED_SetBlock
 .text.OLED_PrintASCIIChar
                0x08006a7e       0x26 CMakeFiles/patrol_robot.dir/Lib/Src/oled.c.obj
                0x08006a7e                OLED_PrintASCIIChar
 .text.OLED_PrintASCIIString
                0x08006aa4       0x32 CMakeFiles/patrol_robot.dir/Lib/Src/oled.c.obj
                0x08006aa4                OLED_PrintASCIIString
 .text.CAN_Init
                0x08006ad6       0x1c CMakeFiles/patrol_robot.dir/Lib/Src/simple_CAN.c.obj
                0x08006ad6                CAN_Init
 .text.CAN_Filter_Mask_Config
                0x08006af2       0x3a CMakeFiles/patrol_robot.dir/Lib/Src/simple_CAN.c.obj
                0x08006af2                CAN_Filter_Mask_Config
 .text.CAN_Send_Data
                0x08006b2c       0x1c CMakeFiles/patrol_robot.dir/Lib/Src/simple_CAN.c.obj
                0x08006b2c                CAN_Send_Data
 .text.predict_feedback_L
                0x08006b48       0x84 CMakeFiles/patrol_robot.dir/Lib/Src/speed_PID.c.obj
                0x08006b48                predict_feedback_L
 .text.speed_pid_L
                0x08006bcc      0x124 CMakeFiles/patrol_robot.dir/Lib/Src/speed_PID.c.obj
                0x08006bcc                speed_pid_L
 .text.predict_feedback_R
                0x08006cf0       0x84 CMakeFiles/patrol_robot.dir/Lib/Src/speed_PID.c.obj
                0x08006cf0                predict_feedback_R
 .text.speed_pid_R
                0x08006d74      0x124 CMakeFiles/patrol_robot.dir/Lib/Src/speed_PID.c.obj
                0x08006d74                speed_pid_R
 .text.PID_change
                0x08006e98       0x34 CMakeFiles/patrol_robot.dir/Lib/Src/speed_PID.c.obj
                0x08006e98                PID_change
 .text.PID_out_clear
                0x08006ecc       0x34 CMakeFiles/patrol_robot.dir/Lib/Src/speed_PID.c.obj
                0x08006ecc                PID_out_clear
 .text.sulp     0x08006f00       0x42 C:/Users/1/AppData/Local/stm32cube/bundles/gnu-tools-for-stm32/14.3.1+st.2/bin/../lib/gcc/arm-none-eabi/14.3.1/../../../../arm-none-eabi/lib/thumb/v7-m/nofp\libg_nano.a(libc_a-strtod.o)
 *fill*         0x08006f42        0x6 
 .text._strtod_l
                0x08006f48      0xba8 C:/Users/1/AppData/Local/stm32cube/bundles/gnu-tools-for-stm32/14.3.1+st.2/bin/../lib/gcc/arm-none-eabi/14.3.1/../../../../arm-none-eabi/lib/thumb/v7-m/nofp\libg_nano.a(libc_a-strtod.o)
                0x08006f48                _strtod_l
 .text.strtof   0x08007af0       0xb0 C:/Users/1/AppData/Local/stm32cube/bundles/gnu-tools-for-stm32/14.3.1+st.2/bin/../lib/gcc/arm-none-eabi/14.3.1/../../../../arm-none-eabi/lib/thumb/v7-m/nofp\libg_nano.a(libc_a-strtod.o)
                0x08007af0                strtof
 .text.__cvt    0x08007ba0       0xc8 C:/Users/1/AppData/Local/stm32cube/bundles/gnu-tools-for-stm32/14.3.1+st.2/bin/../lib/gcc/arm-none-eabi/14.3.1/../../../../arm-none-eabi/lib/thumb/v7-m/nofp\libg_nano.a(libc_a-nano-vfprintf_float.o)
                0x08007ba0                __cvt
 .text.__exponent
                0x08007c68       0x74 C:/Users/1/AppData/Local/stm32cube/bundles/gnu-tools-for-stm32/14.3.1+st.2/bin/../lib/gcc/arm-none-eabi/14.3.1/../../../../arm-none-eabi/lib/thumb/v7-m/nofp\libg_nano.a(libc_a-nano-vfprintf_float.o)
                0x08007c68                __exponent
 .text._printf_float
                0x08007cdc      0x458 C:/Users/1/AppData/Local/stm32cube/bundles/gnu-tools-for-stm32/14.3.1+st.2/bin/../lib/gcc/arm-none-eabi/14.3.1/../../../../arm-none-eabi/lib/thumb/v7-m/nofp\libg_nano.a(libc_a-nano-vfprintf_float.o)
                0x08007cdc                _printf_float
 .text._printf_common
                0x08008134       0xe4 C:/Users/1/AppData/Local/stm32cube/bundles/gnu-tools-for-stm32/14.3.1+st.2/bin/../lib/gcc/arm-none-eabi/14.3.1/../../../../arm-none-eabi/lib/thumb/v7-m/nofp\libg_nano.a(libc_a-nano-vfprintf_i.o)
                0x08008134                _printf_common
 .text._printf_i
                0x08008218      0x24c C:/Users/1/AppData/Local/stm32cube/bundles/gnu-tools-for-stm32/14.3.1+st.2/bin/../lib/gcc/arm-none-eabi/14.3.1/../../../../arm-none-eabi/lib/thumb/v7-m/nofp\libg_nano.a(libc_a-nano-vfprintf_i.o)
                0x08008218                _printf_i
 .text.std      0x08008464       0x6c C:/Users/1/AppData/Local/stm32cube/bundles/gnu-tools-for-stm32/14.3.1+st.2/bin/../lib/gcc/arm-none-eabi/14.3.1/../../../../arm-none-eabi/lib/thumb/v7-m/nofp\libg_nano.a(libc_a-findfp.o)
 .text.stdio_exit_handler
                0x080084d0       0x18 C:/Users/1/AppData/Local/stm32cube/bundles/gnu-tools-for-stm32/14.3.1+st.2/bin/../lib/gcc/arm-none-eabi/14.3.1/../../../../arm-none-eabi/lib/thumb/v7-m/nofp\libg_nano.a(libc_a-findfp.o)
 .text.cleanup_stdio
                0x080084e8       0x40 C:/Users/1/AppData/Local/stm32cube/bundles/gnu-tools-for-stm32/14.3.1+st.2/bin/../lib/gcc/arm-none-eabi/14.3.1/../../../../arm-none-eabi/lib/thumb/v7-m/nofp\libg_nano.a(libc_a-findfp.o)
 .text.global_stdio_init.part.0
                0x08008528       0x40 C:/Users/1/AppData/Local/stm32cube/bundles/gnu-tools-for-stm32/14.3.1+st.2/bin/../lib/gcc/arm-none-eabi/14.3.1/../../../../arm-none-eabi/lib/thumb/v7-m/nofp\libg_nano.a(libc_a-findfp.o)
 .text.__sfp_lock_acquire
                0x08008568        0xc C:/Users/1/AppData/Local/stm32cube/bundles/gnu-tools-for-stm32/14.3.1+st.2/bin/../lib/gcc/arm-none-eabi/14.3.1/../../../../arm-none-eabi/lib/thumb/v7-m/nofp\libg_nano.a(libc_a-findfp.o)
                0x08008568                __sfp_lock_acquire
 .text.__sfp_lock_release
                0x08008574        0xc C:/Users/1/AppData/Local/stm32cube/bundles/gnu-tools-for-stm32/14.3.1+st.2/bin/../lib/gcc/arm-none-eabi/14.3.1/../../../../arm-none-eabi/lib/thumb/v7-m/nofp\libg_nano.a(libc_a-findfp.o)
                0x08008574                __sfp_lock_release
 .text.__sinit  0x08008580       0x30 C:/Users/1/AppData/Local/stm32cube/bundles/gnu-tools-for-stm32/14.3.1+st.2/bin/../lib/gcc/arm-none-eabi/14.3.1/../../../../arm-none-eabi/lib/thumb/v7-m/nofp\libg_nano.a(libc_a-findfp.o)
                0x08008580                __sinit
 .text._fwalk_sglue
                0x080085b0       0x3c C:/Users/1/AppData/Local/stm32cube/bundles/gnu-tools-for-stm32/14.3.1+st.2/bin/../lib/gcc/arm-none-eabi/14.3.1/../../../../arm-none-eabi/lib/thumb/v7-m/nofp\libg_nano.a(libc_a-fwalk.o)
                0x080085b0                _fwalk_sglue
 .text.sprintf  0x080085ec       0x44 C:/Users/1/AppData/Local/stm32cube/bundles/gnu-tools-for-stm32/14.3.1+st.2/bin/../lib/gcc/arm-none-eabi/14.3.1/../../../../arm-none-eabi/lib/thumb/v7-m/nofp\libg_nano.a(libc_a-sprintf.o)
                0x080085ec                siprintf
                0x080085ec                sprintf
 .text.__sread  0x08008630       0x22 C:/Users/1/AppData/Local/stm32cube/bundles/gnu-tools-for-stm32/14.3.1+st.2/bin/../lib/gcc/arm-none-eabi/14.3.1/../../../../arm-none-eabi/lib/thumb/v7-m/nofp\libg_nano.a(libc_a-stdio.o)
                0x08008630                __sread
 .text.__swrite
                0x08008652       0x38 C:/Users/1/AppData/Local/stm32cube/bundles/gnu-tools-for-stm32/14.3.1+st.2/bin/../lib/gcc/arm-none-eabi/14.3.1/../../../../arm-none-eabi/lib/thumb/v7-m/nofp\libg_nano.a(libc_a-stdio.o)
                0x08008652                __swrite
 .text.__sseek  0x0800868a       0x26 C:/Users/1/AppData/Local/stm32cube/bundles/gnu-tools-for-stm32/14.3.1+st.2/bin/../lib/gcc/arm-none-eabi/14.3.1/../../../../arm-none-eabi/lib/thumb/v7-m/nofp\libg_nano.a(libc_a-stdio.o)
                0x0800868a                __sseek
 .text.__sclose
                0x080086b0        0x8 C:/Users/1/AppData/Local/stm32cube/bundles/gnu-tools-for-stm32/14.3.1+st.2/bin/../lib/gcc/arm-none-eabi/14.3.1/../../../../arm-none-eabi/lib/thumb/v7-m/nofp\libg_nano.a(libc_a-stdio.o)
                0x080086b0                __sclose
 .text.memmove  0x080086b8       0x32 C:/Users/1/AppData/Local/stm32cube/bundles/gnu-tools-for-stm32/14.3.1+st.2/bin/../lib/gcc/arm-none-eabi/14.3.1/../../../../arm-none-eabi/lib/thumb/v7-m/nofp\libg_nano.a(libc_a-memmove.o)
                0x080086b8                memmove
 .text.memset   0x080086ea       0x10 C:/Users/1/AppData/Local/stm32cube/bundles/gnu-tools-for-stm32/14.3.1+st.2/bin/../lib/gcc/arm-none-eabi/14.3.1/../../../../arm-none-eabi/lib/thumb/v7-m/nofp\libg_nano.a(libc_a-memset.o)
                0x080086ea                memset
 .text.strchr   0x080086fa       0x1a C:/Users/1/AppData/Local/stm32cube/bundles/gnu-tools-for-stm32/14.3.1+st.2/bin/../lib/gcc/arm-none-eabi/14.3.1/../../../../arm-none-eabi/lib/thumb/v7-m/nofp\libg_nano.a(libc_a-strchr.o)
                0x080086fa                strchr
 .text.strncmp  0x08008714       0x24 C:/Users/1/AppData/Local/stm32cube/bundles/gnu-tools-for-stm32/14.3.1+st.2/bin/../lib/gcc/arm-none-eabi/14.3.1/../../../../arm-none-eabi/lib/thumb/v7-m/nofp\libg_nano.a(libc_a-strncmp.o)
                0x08008714                strncmp
 .text._localeconv_r
                0x08008738        0x8 C:/Users/1/AppData/Local/stm32cube/bundles/gnu-tools-for-stm32/14.3.1+st.2/bin/../lib/gcc/arm-none-eabi/14.3.1/../../../../arm-none-eabi/lib/thumb/v7-m/nofp\libg_nano.a(libc_a-localeconv.o)
                0x08008738                _localeconv_r
 .text._close_r
                0x08008740       0x20 C:/Users/1/AppData/Local/stm32cube/bundles/gnu-tools-for-stm32/14.3.1+st.2/bin/../lib/gcc/arm-none-eabi/14.3.1/../../../../arm-none-eabi/lib/thumb/v7-m/nofp\libg_nano.a(libc_a-closer.o)
                0x08008740                _close_r
 .text._lseek_r
                0x08008760       0x24 C:/Users/1/AppData/Local/stm32cube/bundles/gnu-tools-for-stm32/14.3.1+st.2/bin/../lib/gcc/arm-none-eabi/14.3.1/../../../../arm-none-eabi/lib/thumb/v7-m/nofp\libg_nano.a(libc_a-lseekr.o)
                0x08008760                _lseek_r
 .text._read_r  0x08008784       0x24 C:/Users/1/AppData/Local/stm32cube/bundles/gnu-tools-for-stm32/14.3.1+st.2/bin/../lib/gcc/arm-none-eabi/14.3.1/../../../../arm-none-eabi/lib/thumb/v7-m/nofp\libg_nano.a(libc_a-readr.o)
                0x08008784                _read_r
 .text._write_r
                0x080087a8       0x24 C:/Users/1/AppData/Local/stm32cube/bundles/gnu-tools-for-stm32/14.3.1+st.2/bin/../lib/gcc/arm-none-eabi/14.3.1/../../../../arm-none-eabi/lib/thumb/v7-m/nofp\libg_nano.a(libc_a-writer.o)
                0x080087a8                _write_r
 .text.__errno  0x080087cc        0xc C:/Users/1/AppData/Local/stm32cube/bundles/gnu-tools-for-stm32/14.3.1+st.2/bin/../lib/gcc/arm-none-eabi/14.3.1/../../../../arm-none-eabi/lib/thumb/v7-m/nofp\libg_nano.a(libc_a-errno.o)
                0x080087cc                __errno
 .text.__libc_init_array
                0x080087d8       0x48 C:/Users/1/AppData/Local/stm32cube/bundles/gnu-tools-for-stm32/14.3.1+st.2/bin/../lib/gcc/arm-none-eabi/14.3.1/../../../../arm-none-eabi/lib/thumb/v7-m/nofp\libg_nano.a(libc_a-init.o)
                0x080087d8                __libc_init_array
 .text.__retarget_lock_init_recursive
                0x08008820        0x2 C:/Users/1/AppData/Local/stm32cube/bundles/gnu-tools-for-stm32/14.3.1+st.2/bin/../lib/gcc/arm-none-eabi/14.3.1/../../../../arm-none-eabi/lib/thumb/v7-m/nofp\libg_nano.a(libc_a-lock.o)
                0x08008820                __retarget_lock_init_recursive
 .text.__retarget_lock_acquire_recursive
                0x08008822        0x2 C:/Users/1/AppData/Local/stm32cube/bundles/gnu-tools-for-stm32/14.3.1+st.2/bin/../lib/gcc/arm-none-eabi/14.3.1/../../../../arm-none-eabi/lib/thumb/v7-m/nofp\libg_nano.a(libc_a-lock.o)
                0x08008822                __retarget_lock_acquire_recursive
 .text.__retarget_lock_release_recursive
                0x08008824        0x2 C:/Users/1/AppData/Local/stm32cube/bundles/gnu-tools-for-stm32/14.3.1+st.2/bin/../lib/gcc/arm-none-eabi/14.3.1/../../../../arm-none-eabi/lib/thumb/v7-m/nofp\libg_nano.a(libc_a-lock.o)
                0x08008824                __retarget_lock_release_recursive
 .text.memchr   0x08008826       0x1c C:/Users/1/AppData/Local/stm32cube/bundles/gnu-tools-for-stm32/14.3.1+st.2/bin/../lib/gcc/arm-none-eabi/14.3.1/../../../../arm-none-eabi/lib/thumb/v7-m/nofp\libg_nano.a(libc_a-memchr-stub.o)
                0x08008826                memchr
 .text.memcpy   0x08008842       0x1c C:/Users/1/AppData/Local/stm32cube/bundles/gnu-tools-for-stm32/14.3.1+st.2/bin/../lib/gcc/arm-none-eabi/14.3.1/../../../../arm-none-eabi/lib/thumb/v7-m/nofp\libg_nano.a(libc_a-memcpy-stub.o)
                0x08008842                memcpy
 *fill*         0x0800885e        0x2 
 .text.nan      0x08008860        0xc C:/Users/1/AppData/Local/stm32cube/bundles/gnu-tools-for-stm32/14.3.1+st.2/bin/../lib/gcc/arm-none-eabi/14.3.1/../../../../arm-none-eabi/lib/thumb/v7-m/nofp\libg_nano.a(libm_a-s_nan.o)
                0x08008860                nan
 .text.nanf     0x0800886c        0x8 C:/Users/1/AppData/Local/stm32cube/bundles/gnu-tools-for-stm32/14.3.1+st.2/bin/../lib/gcc/arm-none-eabi/14.3.1/../../../../arm-none-eabi/lib/thumb/v7-m/nofp\libg_nano.a(libm_a-sf_nan.o)
                0x0800886c                nanf
 .text.quorem   0x08008874      0x110 C:/Users/1/AppData/Local/stm32cube/bundles/gnu-tools-for-stm32/14.3.1+st.2/bin/../lib/gcc/arm-none-eabi/14.3.1/../../../../arm-none-eabi/lib/thumb/v7-m/nofp\libg_nano.a(libc_a-dtoa.o)
 *fill*         0x08008984        0x4 
 .text._dtoa_r  0x08008988      0xbcc C:/Users/1/AppData/Local/stm32cube/bundles/gnu-tools-for-stm32/14.3.1+st.2/bin/../lib/gcc/arm-none-eabi/14.3.1/../../../../arm-none-eabi/lib/thumb/v7-m/nofp\libg_nano.a(libc_a-dtoa.o)
                0x08008988                _dtoa_r
 .text._free_r  0x08009554       0x90 C:/Users/1/AppData/Local/stm32cube/bundles/gnu-tools-for-stm32/14.3.1+st.2/bin/../lib/gcc/arm-none-eabi/14.3.1/../../../../arm-none-eabi/lib/thumb/v7-m/nofp\libg_nano.a(libc_a-freer.o)
                0x08009554                _free_r
 .text.rshift   0x080095e4       0xa6 C:/Users/1/AppData/Local/stm32cube/bundles/gnu-tools-for-stm32/14.3.1+st.2/bin/../lib/gcc/arm-none-eabi/14.3.1/../../../../arm-none-eabi/lib/thumb/v7-m/nofp\libg_nano.a(libc_a-gdtoa-gethex.o)
 .text.__hexdig_fun
                0x0800968a       0x2a C:/Users/1/AppData/Local/stm32cube/bundles/gnu-tools-for-stm32/14.3.1+st.2/bin/../lib/gcc/arm-none-eabi/14.3.1/../../../../arm-none-eabi/lib/thumb/v7-m/nofp\libg_nano.a(libc_a-gdtoa-gethex.o)
                0x0800968a                __hexdig_fun
 .text.__gethex
                0x080096b4      0x420 C:/Users/1/AppData/Local/stm32cube/bundles/gnu-tools-for-stm32/14.3.1+st.2/bin/../lib/gcc/arm-none-eabi/14.3.1/../../../../arm-none-eabi/lib/thumb/v7-m/nofp\libg_nano.a(libc_a-gdtoa-gethex.o)
                0x080096b4                __gethex
 .text.L_shift  0x08009ad4       0x24 C:/Users/1/AppData/Local/stm32cube/bundles/gnu-tools-for-stm32/14.3.1+st.2/bin/../lib/gcc/arm-none-eabi/14.3.1/../../../../arm-none-eabi/lib/thumb/v7-m/nofp\libg_nano.a(libc_a-gdtoa-hexnan.o)
 .text.__match  0x08009af8       0x28 C:/Users/1/AppData/Local/stm32cube/bundles/gnu-tools-for-stm32/14.3.1+st.2/bin/../lib/gcc/arm-none-eabi/14.3.1/../../../../arm-none-eabi/lib/thumb/v7-m/nofp\libg_nano.a(libc_a-gdtoa-hexnan.o)
                0x08009af8                __match
 .text.__hexnan
                0x08009b20      0x13a C:/Users/1/AppData/Local/stm32cube/bundles/gnu-tools-for-stm32/14.3.1+st.2/bin/../lib/gcc/arm-none-eabi/14.3.1/../../../../arm-none-eabi/lib/thumb/v7-m/nofp\libg_nano.a(libc_a-gdtoa-hexnan.o)
                0x08009b20                __hexnan
 *fill*         0x08009c5a        0x2 
 .text.malloc   0x08009c5c       0x10 C:/Users/1/AppData/Local/stm32cube/bundles/gnu-tools-for-stm32/14.3.1+st.2/bin/../lib/gcc/arm-none-eabi/14.3.1/../../../../arm-none-eabi/lib/thumb/v7-m/nofp\libg_nano.a(libc_a-malloc.o)
                0x08009c5c                malloc
 .text.sbrk_aligned
                0x08009c6c       0x44 C:/Users/1/AppData/Local/stm32cube/bundles/gnu-tools-for-stm32/14.3.1+st.2/bin/../lib/gcc/arm-none-eabi/14.3.1/../../../../arm-none-eabi/lib/thumb/v7-m/nofp\libg_nano.a(libc_a-mallocr.o)
 .text._malloc_r
                0x08009cb0      0x100 C:/Users/1/AppData/Local/stm32cube/bundles/gnu-tools-for-stm32/14.3.1+st.2/bin/../lib/gcc/arm-none-eabi/14.3.1/../../../../arm-none-eabi/lib/thumb/v7-m/nofp\libg_nano.a(libc_a-mallocr.o)
                0x08009cb0                _malloc_r
 .text.__ascii_mbtowc
                0x08009db0       0x24 C:/Users/1/AppData/Local/stm32cube/bundles/gnu-tools-for-stm32/14.3.1+st.2/bin/../lib/gcc/arm-none-eabi/14.3.1/../../../../arm-none-eabi/lib/thumb/v7-m/nofp\libg_nano.a(libc_a-mbtowc_r.o)
                0x08009db0                __ascii_mbtowc
 .text.__malloc_lock
                0x08009dd4        0xc C:/Users/1/AppData/Local/stm32cube/bundles/gnu-tools-for-stm32/14.3.1+st.2/bin/../lib/gcc/arm-none-eabi/14.3.1/../../../../arm-none-eabi/lib/thumb/v7-m/nofp\libg_nano.a(libc_a-mlock.o)
                0x08009dd4                __malloc_lock
 .text.__malloc_unlock
                0x08009de0        0xc C:/Users/1/AppData/Local/stm32cube/bundles/gnu-tools-for-stm32/14.3.1+st.2/bin/../lib/gcc/arm-none-eabi/14.3.1/../../../../arm-none-eabi/lib/thumb/v7-m/nofp\libg_nano.a(libc_a-mlock.o)
                0x08009de0                __malloc_unlock
 .text._Balloc  0x08009dec       0x7c C:/Users/1/AppData/Local/stm32cube/bundles/gnu-tools-for-stm32/14.3.1+st.2/bin/../lib/gcc/arm-none-eabi/14.3.1/../../../../arm-none-eabi/lib/thumb/v7-m/nofp\libg_nano.a(libc_a-mprec.o)
                0x08009dec                _Balloc
 .text._Bfree   0x08009e68       0x44 C:/Users/1/AppData/Local/stm32cube/bundles/gnu-tools-for-stm32/14.3.1+st.2/bin/../lib/gcc/arm-none-eabi/14.3.1/../../../../arm-none-eabi/lib/thumb/v7-m/nofp\libg_nano.a(libc_a-mprec.o)
                0x08009e68                _Bfree
 .text.__multadd
                0x08009eac       0x8c C:/Users/1/AppData/Local/stm32cube/bundles/gnu-tools-for-stm32/14.3.1+st.2/bin/../lib/gcc/arm-none-eabi/14.3.1/../../../../arm-none-eabi/lib/thumb/v7-m/nofp\libg_nano.a(libc_a-mprec.o)
                0x08009eac                __multadd
 .text.__s2b    0x08009f38       0x94 C:/Users/1/AppData/Local/stm32cube/bundles/gnu-tools-for-stm32/14.3.1+st.2/bin/../lib/gcc/arm-none-eabi/14.3.1/../../../../arm-none-eabi/lib/thumb/v7-m/nofp\libg_nano.a(libc_a-mprec.o)
                0x08009f38                __s2b
 .text.__hi0bits
                0x08009fcc       0x3e C:/Users/1/AppData/Local/stm32cube/bundles/gnu-tools-for-stm32/14.3.1+st.2/bin/../lib/gcc/arm-none-eabi/14.3.1/../../../../arm-none-eabi/lib/thumb/v7-m/nofp\libg_nano.a(libc_a-mprec.o)
                0x08009fcc                __hi0bits
 .text.__lo0bits
                0x0800a00a       0x5a C:/Users/1/AppData/Local/stm32cube/bundles/gnu-tools-for-stm32/14.3.1+st.2/bin/../lib/gcc/arm-none-eabi/14.3.1/../../../../arm-none-eabi/lib/thumb/v7-m/nofp\libg_nano.a(libc_a-mprec.o)
                0x0800a00a                __lo0bits
 .text.__i2b    0x0800a064       0x2c C:/Users/1/AppData/Local/stm32cube/bundles/gnu-tools-for-stm32/14.3.1+st.2/bin/../lib/gcc/arm-none-eabi/14.3.1/../../../../arm-none-eabi/lib/thumb/v7-m/nofp\libg_nano.a(libc_a-mprec.o)
                0x0800a064                __i2b
 .text.__multiply
                0x0800a090      0x150 C:/Users/1/AppData/Local/stm32cube/bundles/gnu-tools-for-stm32/14.3.1+st.2/bin/../lib/gcc/arm-none-eabi/14.3.1/../../../../arm-none-eabi/lib/thumb/v7-m/nofp\libg_nano.a(libc_a-mprec.o)
                0x0800a090                __multiply
 .text.__pow5mult
                0x0800a1e0       0xb8 C:/Users/1/AppData/Local/stm32cube/bundles/gnu-tools-for-stm32/14.3.1+st.2/bin/../lib/gcc/arm-none-eabi/14.3.1/../../../../arm-none-eabi/lib/thumb/v7-m/nofp\libg_nano.a(libc_a-mprec.o)
                0x0800a1e0                __pow5mult
 .text.__lshift
                0x0800a298       0xd8 C:/Users/1/AppData/Local/stm32cube/bundles/gnu-tools-for-stm32/14.3.1+st.2/bin/../lib/gcc/arm-none-eabi/14.3.1/../../../../arm-none-eabi/lib/thumb/v7-m/nofp\libg_nano.a(libc_a-mprec.o)
                0x0800a298                __lshift
 .text.__mcmp   0x0800a370       0x36 C:/Users/1/AppData/Local/stm32cube/bundles/gnu-tools-for-stm32/14.3.1+st.2/bin/../lib/gcc/arm-none-eabi/14.3.1/../../../../arm-none-eabi/lib/thumb/v7-m/nofp\libg_nano.a(libc_a-mprec.o)
                0x0800a370                __mcmp
 *fill*         0x0800a3a6        0x2 
 .text.__mdiff  0x0800a3a8      0x130 C:/Users/1/AppData/Local/stm32cube/bundles/gnu-tools-for-stm32/14.3.1+st.2/bin/../lib/gcc/arm-none-eabi/14.3.1/../../../../arm-none-eabi/lib/thumb/v7-m/nofp\libg_nano.a(libc_a-mprec.o)
                0x0800a3a8                __mdiff
 .text.__ulp    0x0800a4d8       0x40 C:/Users/1/AppData/Local/stm32cube/bundles/gnu-tools-for-stm32/14.3.1+st.2/bin/../lib/gcc/arm-none-eabi/14.3.1/../../../../arm-none-eabi/lib/thumb/v7-m/nofp\libg_nano.a(libc_a-mprec.o)
                0x0800a4d8                __ulp
 .text.__b2d    0x0800a518       0x90 C:/Users/1/AppData/Local/stm32cube/bundles/gnu-tools-for-stm32/14.3.1+st.2/bin/../lib/gcc/arm-none-eabi/14.3.1/../../../../arm-none-eabi/lib/thumb/v7-m/nofp\libg_nano.a(libc_a-mprec.o)
                0x0800a518                __b2d
 .text.__d2b    0x0800a5a8       0xb0 C:/Users/1/AppData/Local/stm32cube/bundles/gnu-tools-for-stm32/14.3.1+st.2/bin/../lib/gcc/arm-none-eabi/14.3.1/../../../../arm-none-eabi/lib/thumb/v7-m/nofp\libg_nano.a(libc_a-mprec.o)
                0x0800a5a8                __d2b
 .text.__ratio  0x0800a658       0x60 C:/Users/1/AppData/Local/stm32cube/bundles/gnu-tools-for-stm32/14.3.1+st.2/bin/../lib/gcc/arm-none-eabi/14.3.1/../../../../arm-none-eabi/lib/thumb/v7-m/nofp\libg_nano.a(libc_a-mprec.o)
                0x0800a658                __ratio
 .text.__copybits
                0x0800a6b8       0x46 C:/Users/1/AppData/Local/stm32cube/bundles/gnu-tools-for-stm32/14.3.1+st.2/bin/../lib/gcc/arm-none-eabi/14.3.1/../../../../arm-none-eabi/lib/thumb/v7-m/nofp\libg_nano.a(libc_a-mprec.o)
                0x0800a6b8                __copybits
 .text.__any_on
                0x0800a6fe       0x42 C:/Users/1/AppData/Local/stm32cube/bundles/gnu-tools-for-stm32/14.3.1+st.2/bin/../lib/gcc/arm-none-eabi/14.3.1/../../../../arm-none-eabi/lib/thumb/v7-m/nofp\libg_nano.a(libc_a-mprec.o)
                0x0800a6fe                __any_on
 .text.__ascii_wctomb
                0x0800a740       0x1a C:/Users/1/AppData/Local/stm32cube/bundles/gnu-tools-for-stm32/14.3.1+st.2/bin/../lib/gcc/arm-none-eabi/14.3.1/../../../../arm-none-eabi/lib/thumb/v7-m/nofp\libg_nano.a(libc_a-wctomb_r.o)
                0x0800a740                __ascii_wctomb
 .text.__ssputs_r
                0x0800a75a       0xc0 C:/Users/1/AppData/Local/stm32cube/bundles/gnu-tools-for-stm32/14.3.1+st.2/bin/../lib/gcc/arm-none-eabi/14.3.1/../../../../arm-none-eabi/lib/thumb/v7-m/nofp\libg_nano.a(libc_a-nano-svfprintf.o)
                0x0800a75a                __ssputs_r
 *fill*         0x0800a81a        0x2 
 .text._svfprintf_r
                0x0800a81c      0x1f0 C:/Users/1/AppData/Local/stm32cube/bundles/gnu-tools-for-stm32/14.3.1+st.2/bin/../lib/gcc/arm-none-eabi/14.3.1/../../../../arm-none-eabi/lib/thumb/v7-m/nofp\libg_nano.a(libc_a-nano-svfprintf.o)
                0x0800a81c                _svfiprintf_r
                0x0800a81c                _svfprintf_r
 .text.__sflush_r
                0x0800aa0c       0xfc C:/Users/1/AppData/Local/stm32cube/bundles/gnu-tools-for-stm32/14.3.1+st.2/bin/../lib/gcc/arm-none-eabi/14.3.1/../../../../arm-none-eabi/lib/thumb/v7-m/nofp\libg_nano.a(libc_a-fflush.o)
                0x0800aa0c                __sflush_r
 .text._fflush_r
                0x0800ab08       0x50 C:/Users/1/AppData/Local/stm32cube/bundles/gnu-tools-for-stm32/14.3.1+st.2/bin/../lib/gcc/arm-none-eabi/14.3.1/../../../../arm-none-eabi/lib/thumb/v7-m/nofp\libg_nano.a(libc_a-fflush.o)
                0x0800ab08                _fflush_r
 .text._sbrk_r  0x0800ab58       0x20 C:/Users/1/AppData/Local/stm32cube/bundles/gnu-tools-for-stm32/14.3.1+st.2/bin/../lib/gcc/arm-none-eabi/14.3.1/../../../../arm-none-eabi/lib/thumb/v7-m/nofp\libg_nano.a(libc_a-sbrkr.o)
                0x0800ab58                _sbrk_r
 .text.__assert_func
                0x0800ab78       0x3c C:/Users/1/AppData/Local/stm32cube/bundles/gnu-tools-for-stm32/14.3.1+st.2/bin/../lib/gcc/arm-none-eabi/14.3.1/../../../../arm-none-eabi/lib/thumb/v7-m/nofp\libg_nano.a(libc_a-assert.o)
                0x0800ab78                __assert_func
 .text._calloc_r
                0x0800abb4       0x28 C:/Users/1/AppData/Local/stm32cube/bundles/gnu-tools-for-stm32/14.3.1+st.2/bin/../lib/gcc/arm-none-eabi/14.3.1/../../../../arm-none-eabi/lib/thumb/v7-m/nofp\libg_nano.a(libc_a-callocr.o)
                0x0800abb4                _calloc_r
 .text._realloc_r
                0x0800abdc       0x5c C:/Users/1/AppData/Local/stm32cube/bundles/gnu-tools-for-stm32/14.3.1+st.2/bin/../lib/gcc/arm-none-eabi/14.3.1/../../../../arm-none-eabi/lib/thumb/v7-m/nofp\libg_nano.a(libc_a-reallocr.o)
                0x0800abdc                _realloc_r
 .text.fprintf  0x0800ac38       0x24 C:/Users/1/AppData/Local/stm32cube/bundles/gnu-tools-for-stm32/14.3.1+st.2/bin/../lib/gcc/arm-none-eabi/14.3.1/../../../../arm-none-eabi/lib/thumb/v7-m/nofp\libg_nano.a(libc_a-fprintf.o)
                0x0800ac38                fiprintf
                0x0800ac38                fprintf
 .text.abort    0x0800ac5c        0xe C:/Users/1/AppData/Local/stm32cube/bundles/gnu-tools-for-stm32/14.3.1+st.2/bin/../lib/gcc/arm-none-eabi/14.3.1/../../../../arm-none-eabi/lib/thumb/v7-m/nofp\libg_nano.a(libc_a-abort.o)
                0x0800ac5c                abort
 .text._malloc_usable_size_r
                0x0800ac6a       0x10 C:/Users/1/AppData/Local/stm32cube/bundles/gnu-tools-for-stm32/14.3.1+st.2/bin/../lib/gcc/arm-none-eabi/14.3.1/../../../../arm-none-eabi/lib/thumb/v7-m/nofp\libg_nano.a(libc_a-msizer.o)
                0x0800ac6a                _malloc_usable_size_r
 .text.__sfputc_r
                0x0800ac7a       0x2a C:/Users/1/AppData/Local/stm32cube/bundles/gnu-tools-for-stm32/14.3.1+st.2/bin/../lib/gcc/arm-none-eabi/14.3.1/../../../../arm-none-eabi/lib/thumb/v7-m/nofp\libg_nano.a(libc_a-nano-vfprintf.o)
 .text.__sfputs_r
                0x0800aca4       0x24 C:/Users/1/AppData/Local/stm32cube/bundles/gnu-tools-for-stm32/14.3.1+st.2/bin/../lib/gcc/arm-none-eabi/14.3.1/../../../../arm-none-eabi/lib/thumb/v7-m/nofp\libg_nano.a(libc_a-nano-vfprintf.o)
                0x0800aca4                __sfputs_r
 .text._vfprintf_r
                0x0800acc8      0x228 C:/Users/1/AppData/Local/stm32cube/bundles/gnu-tools-for-stm32/14.3.1+st.2/bin/../lib/gcc/arm-none-eabi/14.3.1/../../../../arm-none-eabi/lib/thumb/v7-m/nofp\libg_nano.a(libc_a-nano-vfprintf.o)
                0x0800acc8                _vfprintf_r
                0x0800acc8                _vfiprintf_r
 .text.__swbuf_r
                0x0800aef0       0x7c C:/Users/1/AppData/Local/stm32cube/bundles/gnu-tools-for-stm32/14.3.1+st.2/bin/../lib/gcc/arm-none-eabi/14.3.1/../../../../arm-none-eabi/lib/thumb/v7-m/nofp\libg_nano.a(libc_a-wbuf.o)
                0x0800aef0                __swbuf_r
 .text.__swsetup_r
                0x0800af6c       0xa8 C:/Users/1/AppData/Local/stm32cube/bundles/gnu-tools-for-stm32/14.3.1+st.2/bin/../lib/gcc/arm-none-eabi/14.3.1/../../../../arm-none-eabi/lib/thumb/v7-m/nofp\libg_nano.a(libc_a-wsetup.o)
                0x0800af6c                __swsetup_r
 .text._raise_r
                0x0800b014       0x50 C:/Users/1/AppData/Local/stm32cube/bundles/gnu-tools-for-stm32/14.3.1+st.2/bin/../lib/gcc/arm-none-eabi/14.3.1/../../../../arm-none-eabi/lib/thumb/v7-m/nofp\libg_nano.a(libc_a-signal.o)
                0x0800b014                _raise_r
 .text.raise    0x0800b064       0x10 C:/Users/1/AppData/Local/stm32cube/bundles/gnu-tools-for-stm32/14.3.1+st.2/bin/../lib/gcc/arm-none-eabi/14.3.1/../../../../arm-none-eabi/lib/thumb/v7-m/nofp\libg_nano.a(libc_a-signal.o)
                0x0800b064                raise
 .text._kill_r  0x0800b074       0x24 C:/Users/1/AppData/Local/stm32cube/bundles/gnu-tools-for-stm32/14.3.1+st.2/bin/../lib/gcc/arm-none-eabi/14.3.1/../../../../arm-none-eabi/lib/thumb/v7-m/nofp\libg_nano.a(libc_a-signalr.o)
                0x0800b074                _kill_r
 .text._getpid_r
                0x0800b098        0x4 C:/Users/1/AppData/Local/stm32cube/bundles/gnu-tools-for-stm32/14.3.1+st.2/bin/../lib/gcc/arm-none-eabi/14.3.1/../../../../arm-none-eabi/lib/thumb/v7-m/nofp\libg_nano.a(libc_a-signalr.o)
                0x0800b098                _getpid_r
 .text.__swhatbuf_r
                0x0800b09c       0x48 C:/Users/1/AppData/Local/stm32cube/bundles/gnu-tools-for-stm32/14.3.1+st.2/bin/../lib/gcc/arm-none-eabi/14.3.1/../../../../arm-none-eabi/lib/thumb/v7-m/nofp\libg_nano.a(libc_a-makebuf.o)
                0x0800b09c                __swhatbuf_r
 .text.__smakebuf_r
                0x0800b0e4       0x72 C:/Users/1/AppData/Local/stm32cube/bundles/gnu-tools-for-stm32/14.3.1+st.2/bin/../lib/gcc/arm-none-eabi/14.3.1/../../../../arm-none-eabi/lib/thumb/v7-m/nofp\libg_nano.a(libc_a-makebuf.o)
                0x0800b0e4                __smakebuf_r
 *fill*         0x0800b156        0x2 
 .text._fstat_r
                0x0800b158       0x24 C:/Users/1/AppData/Local/stm32cube/bundles/gnu-tools-for-stm32/14.3.1+st.2/bin/../lib/gcc/arm-none-eabi/14.3.1/../../../../arm-none-eabi/lib/thumb/v7-m/nofp\libg_nano.a(libc_a-fstatr.o)
                0x0800b158                _fstat_r
 .text._isatty_r
                0x0800b17c       0x20 C:/Users/1/AppData/Local/stm32cube/bundles/gnu-tools-for-stm32/14.3.1+st.2/bin/../lib/gcc/arm-none-eabi/14.3.1/../../../../arm-none-eabi/lib/thumb/v7-m/nofp\libg_nano.a(libc_a-isattyr.o)
                0x0800b17c                _isatty_r
 *(.glue_7)
 .glue_7        0x0800b19c        0x0 linker stubs
 *(.glue_7t)
 .glue_7t       0x0800b19c        0x0 linker stubs
 *(.eh_frame)
 .eh_frame      0x0800b19c        0x0 C:/Users/1/AppData/Local/stm32cube/bundles/gnu-tools-for-stm32/14.3.1+st.2/bin/../lib/gcc/arm-none-eabi/14.3.1/thumb/v7-m/nofp/crtbegin.o
 *(.init)
 .init          0x0800b19c        0x4 C:/Users/1/AppData/Local/stm32cube/bundles/gnu-tools-for-stm32/14.3.1+st.2/bin/../lib/gcc/arm-none-eabi/14.3.1/thumb/v7-m/nofp/crti.o
                0x0800b19c                _init
 .init          0x0800b1a0        0x8 C:/Users/1/AppData/Local/stm32cube/bundles/gnu-tools-for-stm32/14.3.1+st.2/bin/../lib/gcc/arm-none-eabi/14.3.1/thumb/v7-m/nofp/crtn.o
 *(.fini)
 .fini          0x0800b1a8        0x4 C:/Users/1/AppData/Local/stm32cube/bundles/gnu-tools-for-stm32/14.3.1+st.2/bin/../lib/gcc/arm-none-eabi/14.3.1/thumb/v7-m/nofp/crti.o
                0x0800b1a8                _fini
 .fini          0x0800b1ac        0x8 C:/Users/1/AppData/Local/stm32cube/bundles/gnu-tools-for-stm32/14.3.1+st.2/bin/../lib/gcc/arm-none-eabi/14.3.1/thumb/v7-m/nofp/crtn.o
                0x0800b1b4                        . = ALIGN (0x4)
                0x0800b1b4                        _etext = .

.vfp11_veneer   0x0800b1b4        0x0
 .vfp11_veneer  0x0800b1b4        0x0 linker stubs

.v4_bx          0x0800b1b4        0x0
 .v4_bx         0x0800b1b4        0x0 linker stubs

.iplt           0x0800b1b4        0x0
 .iplt          0x0800b1b4        0x0 C:/Users/1/AppData/Local/stm32cube/bundles/gnu-tools-for-stm32/14.3.1+st.2/bin/../lib/gcc/arm-none-eabi/14.3.1/thumb/v7-m/nofp/crtbegin.o

.rodata         0x0800b1b8      0x934
                0x0800b1b8                        . = ALIGN (0x4)
 *(.rodata)
 *(.rodata*)
 .rodata.APBPrescTable
                0x0800b1b8        0x8 cmake/stm32cubemx/CMakeFiles/STM32_Drivers.dir/__/__/Core/Src/system_stm32f1xx.c.obj
                0x0800b1b8                APBPrescTable
 .rodata.AHBPrescTable
                0x0800b1c0       0x10 cmake/stm32cubemx/CMakeFiles/STM32_Drivers.dir/__/__/Core/Src/system_stm32f1xx.c.obj
                0x0800b1c0                AHBPrescTable
 .rodata.aPredivFactorTable.0
                0x0800b1d0        0x2 cmake/stm32cubemx/CMakeFiles/STM32_Drivers.dir/__/__/Drivers/STM32F1xx_HAL_Driver/Src/stm32f1xx_hal_rcc.c.obj
 .rodata.aPLLMULFactorTable.1
                0x0800b1d2       0x10 cmake/stm32cubemx/CMakeFiles/STM32_Drivers.dir/__/__/Drivers/STM32F1xx_HAL_Driver/Src/stm32f1xx_hal_rcc.c.obj
 .rodata.aPredivFactorTable.0
                0x0800b1e2        0x2 cmake/stm32cubemx/CMakeFiles/STM32_Drivers.dir/__/__/Drivers/STM32F1xx_HAL_Driver/Src/stm32f1xx_hal_rcc_ex.c.obj
 .rodata.aPLLMULFactorTable.1
                0x0800b1e4       0x10 cmake/stm32cubemx/CMakeFiles/STM32_Drivers.dir/__/__/Drivers/STM32F1xx_HAL_Driver/Src/stm32f1xx_hal_rcc_ex.c.obj
 .rodata.main.str1.1
                0x0800b1f4      0x210 CMakeFiles/patrol_robot.dir/Core/Src/main.c.obj
                                 0x3f (size before relaxing)
 .rodata.intersection_right_frame.0
                0x0800b404        0x6 CMakeFiles/patrol_robot.dir/Core/Src/main.c.obj
 .rodata.intersection_left_frame.1
                0x0800b40a        0x6 CMakeFiles/patrol_robot.dir/Core/Src/main.c.obj
 .rodata.cruise_30_cm_s_frame.2
                0x0800b410        0x7 CMakeFiles/patrol_robot.dir/Core/Src/main.c.obj
 *fill*         0x0800b417        0x1 
 .rodata.afont12x6
                0x0800b418        0x8 CMakeFiles/patrol_robot.dir/Lib/Src/font.c.obj
                0x0800b418                afont12x6
 .rodata.ascii_12x6
                0x0800b420      0x474 CMakeFiles/patrol_robot.dir/Lib/Src/font.c.obj
                0x0800b420                ascii_12x6
 .rodata._strtod_l.str1.1
                0x0800b894        0xf C:/Users/1/AppData/Local/stm32cube/bundles/gnu-tools-for-stm32/14.3.1+st.2/bin/../lib/gcc/arm-none-eabi/14.3.1/../../../../arm-none-eabi/lib/thumb/v7-m/nofp\libg_nano.a(libc_a-strtod.o)
 .rodata.fpinan.0
                0x0800b894       0x14 C:/Users/1/AppData/Local/stm32cube/bundles/gnu-tools-for-stm32/14.3.1+st.2/bin/../lib/gcc/arm-none-eabi/14.3.1/../../../../arm-none-eabi/lib/thumb/v7-m/nofp\libg_nano.a(libc_a-strtod.o)
 .rodata.fpi.1  0x0800b8a8       0x14 C:/Users/1/AppData/Local/stm32cube/bundles/gnu-tools-for-stm32/14.3.1+st.2/bin/../lib/gcc/arm-none-eabi/14.3.1/../../../../arm-none-eabi/lib/thumb/v7-m/nofp\libg_nano.a(libc_a-strtod.o)
 *fill*         0x0800b8bc        0x4 
 .rodata.tinytens
                0x0800b8c0       0x28 C:/Users/1/AppData/Local/stm32cube/bundles/gnu-tools-for-stm32/14.3.1+st.2/bin/../lib/gcc/arm-none-eabi/14.3.1/../../../../arm-none-eabi/lib/thumb/v7-m/nofp\libg_nano.a(libc_a-strtod.o)
 .rodata._printf_float.str1.1
                0x0800b8e8       0x12 C:/Users/1/AppData/Local/stm32cube/bundles/gnu-tools-for-stm32/14.3.1+st.2/bin/../lib/gcc/arm-none-eabi/14.3.1/../../../../arm-none-eabi/lib/thumb/v7-m/nofp\libg_nano.a(libc_a-nano-vfprintf_float.o)
 .rodata._printf_i.str1.1
                0x0800b8e8       0x22 C:/Users/1/AppData/Local/stm32cube/bundles/gnu-tools-for-stm32/14.3.1+st.2/bin/../lib/gcc/arm-none-eabi/14.3.1/../../../../arm-none-eabi/lib/thumb/v7-m/nofp\libg_nano.a(libc_a-nano-vfprintf_i.o)
 .rodata._setlocale_r.str1.1
                0x0800b8e8        0x9 C:/Users/1/AppData/Local/stm32cube/bundles/gnu-tools-for-stm32/14.3.1+st.2/bin/../lib/gcc/arm-none-eabi/14.3.1/../../../../arm-none-eabi/lib/thumb/v7-m/nofp\libg_nano.a(libc_a-locale.o)
 .rodata.str1.1
                0x0800b8e8        0x2 C:/Users/1/AppData/Local/stm32cube/bundles/gnu-tools-for-stm32/14.3.1+st.2/bin/../lib/gcc/arm-none-eabi/14.3.1/../../../../arm-none-eabi/lib/thumb/v7-m/nofp\libg_nano.a(libc_a-locale.o)
 .rodata._dtoa_r.str1.1